seq_name,seq_value,seq_length,gene,prokka_gene_name,product,length,start_pos,end_pos,RGI_prediction_type,coverage,family,target_amr
extracted1,AAAAACTCTTGGATTGCCCCTAATTTATAAACATAGGTAGGCGGTGTCTCGACTTCAGATACATTATCAAGAATAACTATTCTTCCTTCCTCATTCAACAGTTCCTTCATTTGCTGTATTACGCTGGCTATATCATCCAAATGATGAAAGGTTGTTCGGCTTACAATAAAATCAAACTTCTCATTAAAATTAAGTTGTTCTGCATTCATATTCAGATAGACCGTATTTGTTAGTTGACGTTTAGATTTGGCAAGATCGAGCATTTGATTAGAAATATCAATCCCTACCACTTCATCATAATAACTTGCTAATTTCTCCACTAACAAACCCGAGCCACATCCGATATCTAATGCTCTGCCTTTCTTTGGAGACATATTAGACACAAAGAATGAATAATCATTCAAAAGCTCATTCACGAAATCGTAATCTTCTGCAACCTTATCAAACTGTGATTCTATTGTATTCAAAAAGATCCCCCATTCCTACTTTATCGACATTCTTTCATTACTTACCACTTTAGATGTTTTTTCGTTGGGGATAAAACTTCCCTTTAGACAATTTTATCCAAAGACAATACAACAGTGCAACTTTATTAAAGTCACTGTCCTTTATCGCAGCCTTTACTTTTTAGTAAAGACAGTGGCTTCTCTTATCAAGTTTCAAAACATATTATTTTGAAGAAAACGTCCATCTGAAGTGTCAAGTGCAAAATTACATATAAAGGTTTATTCTAAAATGAAAAGATGATACAATCATATTCAGTTACATAAGGAGGTTTCAATTATGTGCACCAGTATCGCAGTAGTAGAAATTACTTTATCTCATTCATAATGAAAAAAATGGAAAGGAGATAAAAGTATGGGTACTTTTTCTATATTTGTTATTAATAAAGTTCGTTATCAACCAAATCAAAATTAATTGGTTATAATGAACGCTTAATGTCAGTTCATTATAACCAGTAAGGAGAAGGTTATAATGAACCAGTAAGGAGAAGGTTATAatgaaccagaaaaaccctaaagacacgcaaaattttattacttctaaaaagcatgtaaaagaaatattgaatcacacgaatatcagtaaacaagacaacgtaatagaaatcggatcaggaaaaggacattttaccaaagagctagtcaaaatgagtcgatcagttactgctatagaaattgatggaggcttatgtcaagtgactaaagaagcggtaaacccctctgagaatataaaagtgattcaaacggatattctaaaattttccttcccaaaacatataaactataagatatatggtaatattccttataacatcagtacggatattgtcaaaagaattacctttgaaagtcaggctaaatatagctatcttatcgttgagaagggatttgcgaaaagattgcaaaatctgcaacgagctttgggtttactattaatggtggagatggatataaaaatgctcaaaaaagtaccaccactatattttcatcctaagccaagtgtagactctgtattgattgttcttgaacgacatcaaccattgatttcaaagaaggactacaaaaagtatcgatcttttgtttataagtgggtaaaccgtgaatatcgtgttcttttcactaaaaaccaattccgacaggctttgaagcatgcaaatgtcactaatattaataaactatcgaaggaacaatttctttctattttcaatagttacaaattgtttcactaaATTAAAGTAATAAAGCGTTCTCTAATTTCACAAGAGGACGCTTTATTCTTCCCAAAAATTGTTCAATATTTATCAATAAATCAGTAGTTTTAAAAGTAAGCACCTGTTATTGCAATAAAATTAGCCTAATTGAGAGAAGTTTCTATAGAATTTTTCATATACTTAACGAGTGCTTTCACCTTTGAATATAGTCCTTCCCACTTATCATCACACTCTCCCCGATAGCCTTTTCTAGCTATATCCAGTAAAGTTACATGCTCTTTAGGTAAAAGAGGTATAGCCCATTCTGCAGCGACATCTTTCGAGGTAATTTCACCAGTAGTCACTGTTTGCCACATTCGAGCTAGGGTTAAAATTACATTACGCTCATCACCTTTTATCCCCTCAATTAGTTCTGGCAAAGAATCCTTAATTGCTCTTCGAATATCTGTCAAAGGTACGGAGACAAGTATACTTGAAGAATCAGGACCAAATAGAGAAATACTATTCTTTCTTGCTTGTGCTAAAACAATAGCCAAATCAGGATCATAGCTTGGTTCCTGAATTTGTCCATTCTCAAATTCACCCCTGAGCCACTCACCGTATATAAATTCTCTTTTTGGAGGATATTGCCAAGGGACAACTTCACTCCTATTTATAACCGTAACTTCAAGTGGTCTAACAGAATCCGTATTTCCAATCTTTCCTGATATAGTCATTAGTCTTTCTGTTAGTTTTTTTCGAGTTAATTGAGGTAAACTATGATTCACGACGACTAGAACATCTACATCGCTGTTAATGCGTAAACCACCATTTACTGCTGAACCAAATAGATATACTCCAACTATTGAACTTCCAAATAAATCTTTTACGATTTTTAATGTTTGAATCGCTTGATTTGGTATTTTTCCGTTAATCAAATTGCTCATGATTTCACCTCGTTGATTATGTTCATATAAAGTTTATATTGATACTCAATTTACTTACCCTAGATTGGACATATACTTAAATTACTGTTCAA,2732,ErmA,ermA1,rRNA adenine N-6-methyltransferase,732,1001,1732,Perfect,12.603822917195512,Erm 23S ribosomal RNA methyltransferase,yes
extracted1,AAAAACTCTTGGATTGCCCCTAATTTATAAACATAGGTAGGCGGTGTCTCGACTTCAGATACATTATCAAGAATAACTATTCTTCCTTCCTCATTCAACAGTTCCTTCATTTGCTGTATTACGCTGGCTATATCATCCAAATGATGAAAGGTTGTTCGGCTTACAATAAAATCAAACTTCTCATTAAAATTAAGTTGTTCTGCATTCATATTCAGATAGACCGTATTTGTTAGTTGACGTTTAGATTTGGCAAGATCGAGCATTTGATTAGAAATATCAATCCCTACCACTTCATCATAATAACTTGCTAATTTCTCCACTAACAAACCCGAGCCACATCCGATATCTAATGCTCTGCCTTTCTTTGGAGACATATTAGACACAAAGAATGAATAATCATTCAAAAGCTCATTCACGAAATCGTAATCTTCTGCAACCTTATCAAACTGTGATTCTATTGTATTCAAAAAGATCCCCCATTCCTACTTTATCGACATTCTTTCATTACTTACCACTTTAGATGTTTTTTCGTTGGGGATAAAACTTCCCTTTAGACAATTTTATCCAAAGACAATACAACAGTGCAACTTTATTAAAGTCACTGTCCTTTATCGCAGCCTTTACTTTTTAGTAAAGACAGTGGCTTCTCTTATCAAGTTTCAAAACATATTATTTTGAAGAAAACGTCCATCTGAAGTGTCAAGTGCAAAATTACATATAAAGGTTTATTCTAAAATGAAAAGATGATACAATCATATTCAGTTACATAAGGAGGTTTCAATTATGTGCACCAGTATCGCAGTAGTAGAAATTACTTTATCTCATTCATAATGAAAAAAATGGAAAGGAGATAAAAGTATGGGTACTTTTTCTATATTTGTTATTAATAAAGTTCGTTATCAACCAAATCAAAATTAATTGGTTATAATGAACGCTTAATGTCAGTTCATTATAACCAGTAAGGAGAAGGTTATAATGAACCAGTAAGGAGAAGGTTATAatgaaccagaaaaaccctaaagacacgcaaaattttattacttctaaaaagcatgtaaaagaaatattgaatcacacgaatatcagtaaacaagacaacgtaatagaaatcggatcaggaaaaggacattttaccaaagagctagtcaaaatgagtcgatcagttactgctatagaaattgatggaggcttatgtcaagtgactaaagaagcggtaaacccctctgagaatataaaagtgattcaaacggatattctaaaattttccttcccaaaacatataaactataagatatatggtaatattccttataacatcagtacggatattgtcaaaagaattacctttgaaagtcaggctaaatatagctatcttatcgttgagaagggatttgcgaaaagattgcaaaatctgcaacgagctttgggtttactattaatggtggagatggatataaaaatgctcaaaaaagtaccaccactatattttcatcctaagccaagtgtagactctgtattgattgttcttgaacgacatcaaccattgatttcaaagaaggactacaaaaagtatcgatcttttgtttataagtgggtaaaccgtgaatatcgtgttcttttcactaaaaaccaattccgacaggctttgaagcatgcaaatgtcactaatattaataaactatcgaaggaacaatttctttctattttcaatagttacaaattgtttcactaaATTAAAGTAATAAAGCGTTCTCTAATTTCACAAGAGGACGCTTTATTCTTCCCAAAAATTGTTCAATATTTATCAATAAATCAGTAGTTTTAAAAGTAAGCACCTGTTATTGCAATAAAATTAGCCTAATTGAGAGAAGTTTCTATAGAATTTTTCATATACTTAACGAGTGCTTTCACCTTTGAATATAGTCCTTCCCACTTATCATCACACTCTCCCCGATAGCCTTTTCTAGCTATATCCAGTAAAGTTACATGCTCTTTAGGTAAAAGAGGTATAGCCCATTCTGCAGCGACATCTTTCGAGGTAATTTCACCAGTAGTCACTGTTTGCCACATTCGAGCTAGGGTTAAAATTACATTACGCTCATCACCTTTTATCCCCTCAATTAGTTCTGGCAAAGAATCCTTAATTGCTCTTCGAATATCTGTCAAAGGTACGGAGACAAGTATACTTGAAGAATCAGGACCAAATAGAGAAATACTATTCTTTCTTGCTTGTGCTAAAACAATAGCCAAATCAGGATCATAGCTTGGTTCCTGAATTTGTCCATTCTCAAATTCACCCCTGAGCCACTCACCGTATATAAATTCTCTTTTTGGAGGATATTGCCAAGGGACAACTTCACTCCTATTTATAACCGTAACTTCAAGTGGTCTAACAGAATCCGTATTTCCAATCTTTCCTGATATAGTCATTAGTCTTTCTGTTAGTTTTTTTCGAGTTAATTGAGGTAAACTATGATTCACGACGACTAGAACATCTACATCGCTGTTAATGCGTAAACCACCATTTACTGCTGAACCAAATAGATATACTCCAACTATTGAACTTCCAAATAAATCTTTTACGATTTTTAATGTTTGAATCGCTTGATTTGGTATTTTTCCGTTAATCAAATTGCTCATGATTTCACCTCGTTGATTATGTTCATATAAAGTTTATATTGATACTCAATTTACTTACCCTAGATTGGACATATACTTAAATTACTGTTCAA,2732,ANT(9)-Ia,ant1,Streptomycin 3''-adenylyltransferase,783,2640,1858,Perfect,12.603822917195512,ANT(9),
