seq_name,seq_value,seq_length,gene,coverage,length,start_pos,end_pos,target_amr
extracted1,AAAAACTCTTGGATTGCCCCTAATTTATAAACATAGGTAGGCGGTGTCTCGACTTCAGATACATTATCAAGAATAACTATTCTTCCTTCCTCATTCAACAGTTCCTTCATTTGCTGTATTACGCTGGCTATATCATCCAAATGATGAAAGGTTGTTCGGCTTACAATAAAATCAAACTTCTCATTAAAATTAAGTTGTTCTGCATTCATATTCAGATAGACCGTATTTGTTAGTTGACGTTTAGATTTGGCAAGATCGAGCATTTGATTAGAAATATCAATCCCTACCACTTCATCATAATAACTTGCTAATTTCTCCACTAACAAACCCGAGCCACATCCGATATCTAATGCTCTGCCTTTCTTTGGAGACATATTAGACACAAAGAATGAATAATCATTCAAAAGCTCATTCACGAAATCGTAATCTTCTGCAACCTTATCAAACTGTGATTCTATTGTATTCAAAAAGATCCCCCATTCCTACTTTATCGACATTCTTTCATTACTTACCACTTTAGATGTTTTTTCGTTGGGGATAAAACTTCCCTTTAGACAATTTTATCCAAAGACAATACAACAGTGCAACTTTATTAAAGTCACTGTCCTTTATCGCAGCCTTTACTTTTTAGTAAAGACAGTGGCTTCTCTTATCAAGTTTCAAAACATATTATTTTGAAGAAAACGTCCATCTGAAGTGTCAAGTGCAAAATTACATATAAAGGTTTATTCTAAAATGAAAAGATGATACAATCATATTCAGTTACATAAGGAGGTTTCAATTATGTGCACCAGTATCGCAGTAGTAGAAATTACTTTATCTCATTCATAATGAAAAAAATGGAAAGGAGATAAAAGTATGGGTACTTTTTCTATATTTGTTATTAATAAAGTTCGTTATCAACCAAATCAAAATTAATTGGTTATAATGAACGCTTAATGTCAGTTCATTATAACCAGTAAGGAGAAGGTTATAATGAACCAGTAAGGAGAAGGTTATAatgaaccagaaaaaccctaaagacacgcaaaattttattacttctaaaaagcatgtaaaagaaatattgaatcacacgaatatcagtaaacaagacaacgtaatagaaatcggatcaggaaaaggacattttaccaaagagctagtcaaaatgagtcgatcagttactgctatagaaattgatggaggcttatgtcaagtgactaaagaagcggtaaacccctctgagaatataaaagtgattcaaacggatattctaaaattttccttcccaaaacatataaactataagatatatggtaatattccttataacatcagtacggatattgtcaaaagaattacctttgaaagtcaggctaaatatagctatcttatcgttgagaagggatttgcgaaaagattgcaaaatctgcaacgagctttgggtttactattaatggtggagatggatataaaaatgctcaaaaaagtaccaccactatattttcatcctaagccaagtgtagactctgtattgattgttcttgaacgacatcaaccattgatttcaaagaaggactacaaaaagtatcgatcttttgtttataagtgggtaaaccgtgaatatcgtgttcttttcactaaaaaccaattccgacaggctttgaagcatgcaaatgtcactaatattaataaactatcgaaggaacaatttctttctattttcaatagttacaaattgtttcactaaATTAAAGTAATAAAGCGTTCTCTAATTTCACAAGAGGACGCTTTATTCTTCCCAAAAATTGTTCAATATTTATCAATAAATCAGTAGTTTTAAAAGTAAGCACCTGTTATTGCAATAAAATTAGCCTAATTGAGAGAAGTTTCTATAGAATTTTTCATATACTTAACGAGTGCTTTCACCTTTGAATATAGTCCTTCCCACTTATCATCACACTCTCCCCGATAGCCTTTTCTAGCTATATCCAGTAAAGTTACATGCTCTTTAGGTAAAAGAGGTATAGCCCATTCTGCAGCGACATCTTTCGAGGTAATTTCACCAGTAGTCACTGTTTGCCACATTCGAGCTAGGGTTAAAATTACATTACGCTCATCACCTTTTATCCCCTCAATTAGTTCTGGCAAAGAATCCTTAATTGCTCTTCGAATATCTGTCAAAGGTACGGAGACAAGTATACTTGAAGAATCAGGACCAAATAGAGAAATACTATTCTTTCTTGCTTGTGCTAAAACAATAGCCAAATCAGGATCATAGCTTGGTTCCTGAATTTGTCCATTCTCAAATTCACCCCTGAGCCACTCACCGTATATAAATTCTCTTTTTGGAGGATATTGCCAAGGGACAACTTCACTCCTATTTATAACCGTAACTTCAAGTGGTCTAACAGAATCCGTATTTCCAATCTTTCCTGATATAGTCATTAGTCTTTCTGTTAGTTTTTTTCGAGTTAATTGAGGTAAACTATGATTCACGACGACTAGAACATCTACATCGCTGTTAATGCGTAAACCACCATTTACTGCTGAACCAAATAGATATACTCCAACTATTGAACTTCCAAATAAATCTTTTACGATTTTTAATGTTTGAATCGCTTGATTTGGTATTTTTCCGTTAATCAAATTGCTCATGATTTCACCTCGTTGATTATGTTCATATAAAGTTTATATTGATACTCAATTTACTTACCCTAGATTGGACATATACTTAAATTACTGTTCAA,2732,ErmA,12.603822917195512,732,1001,1732,yes
extracted1,AAAAACTCTTGGATTGCCCCTAATTTATAAACATAGGTAGGCGGTGTCTCGACTTCAGATACATTATCAAGAATAACTATTCTTCCTTCCTCATTCAACAGTTCCTTCATTTGCTGTATTACGCTGGCTATATCATCCAAATGATGAAAGGTTGTTCGGCTTACAATAAAATCAAACTTCTCATTAAAATTAAGTTGTTCTGCATTCATATTCAGATAGACCGTATTTGTTAGTTGACGTTTAGATTTGGCAAGATCGAGCATTTGATTAGAAATATCAATCCCTACCACTTCATCATAATAACTTGCTAATTTCTCCACTAACAAACCCGAGCCACATCCGATATCTAATGCTCTGCCTTTCTTTGGAGACATATTAGACACAAAGAATGAATAATCATTCAAAAGCTCATTCACGAAATCGTAATCTTCTGCAACCTTATCAAACTGTGATTCTATTGTATTCAAAAAGATCCCCCATTCCTACTTTATCGACATTCTTTCATTACTTACCACTTTAGATGTTTTTTCGTTGGGGATAAAACTTCCCTTTAGACAATTTTATCCAAAGACAATACAACAGTGCAACTTTATTAAAGTCACTGTCCTTTATCGCAGCCTTTACTTTTTAGTAAAGACAGTGGCTTCTCTTATCAAGTTTCAAAACATATTATTTTGAAGAAAACGTCCATCTGAAGTGTCAAGTGCAAAATTACATATAAAGGTTTATTCTAAAATGAAAAGATGATACAATCATATTCAGTTACATAAGGAGGTTTCAATTATGTGCACCAGTATCGCAGTAGTAGAAATTACTTTATCTCATTCATAATGAAAAAAATGGAAAGGAGATAAAAGTATGGGTACTTTTTCTATATTTGTTATTAATAAAGTTCGTTATCAACCAAATCAAAATTAATTGGTTATAATGAACGCTTAATGTCAGTTCATTATAACCAGTAAGGAGAAGGTTATAATGAACCAGTAAGGAGAAGGTTATAatgaaccagaaaaaccctaaagacacgcaaaattttattacttctaaaaagcatgtaaaagaaatattgaatcacacgaatatcagtaaacaagacaacgtaatagaaatcggatcaggaaaaggacattttaccaaagagctagtcaaaatgagtcgatcagttactgctatagaaattgatggaggcttatgtcaagtgactaaagaagcggtaaacccctctgagaatataaaagtgattcaaacggatattctaaaattttccttcccaaaacatataaactataagatatatggtaatattccttataacatcagtacggatattgtcaaaagaattacctttgaaagtcaggctaaatatagctatcttatcgttgagaagggatttgcgaaaagattgcaaaatctgcaacgagctttgggtttactattaatggtggagatggatataaaaatgctcaaaaaagtaccaccactatattttcatcctaagccaagtgtagactctgtattgattgttcttgaacgacatcaaccattgatttcaaagaaggactacaaaaagtatcgatcttttgtttataagtgggtaaaccgtgaatatcgtgttcttttcactaaaaaccaattccgacaggctttgaagcatgcaaatgtcactaatattaataaactatcgaaggaacaatttctttctattttcaatagttacaaattgtttcactaaATTAAAGTAATAAAGCGTTCTCTAATTTCACAAGAGGACGCTTTATTCTTCCCAAAAATTGTTCAATATTTATCAATAAATCAGTAGTTTTAAAAGTAAGCACCTGTTATTGCAATAAAATTAGCCTAATTGAGAGAAGTTTCTATAGAATTTTTCATATACTTAACGAGTGCTTTCACCTTTGAATATAGTCCTTCCCACTTATCATCACACTCTCCCCGATAGCCTTTTCTAGCTATATCCAGTAAAGTTACATGCTCTTTAGGTAAAAGAGGTATAGCCCATTCTGCAGCGACATCTTTCGAGGTAATTTCACCAGTAGTCACTGTTTGCCACATTCGAGCTAGGGTTAAAATTACATTACGCTCATCACCTTTTATCCCCTCAATTAGTTCTGGCAAAGAATCCTTAATTGCTCTTCGAATATCTGTCAAAGGTACGGAGACAAGTATACTTGAAGAATCAGGACCAAATAGAGAAATACTATTCTTTCTTGCTTGTGCTAAAACAATAGCCAAATCAGGATCATAGCTTGGTTCCTGAATTTGTCCATTCTCAAATTCACCCCTGAGCCACTCACCGTATATAAATTCTCTTTTTGGAGGATATTGCCAAGGGACAACTTCACTCCTATTTATAACCGTAACTTCAAGTGGTCTAACAGAATCCGTATTTCCAATCTTTCCTGATATAGTCATTAGTCTTTCTGTTAGTTTTTTTCGAGTTAATTGAGGTAAACTATGATTCACGACGACTAGAACATCTACATCGCTGTTAATGCGTAAACCACCATTTACTGCTGAACCAAATAGATATACTCCAACTATTGAACTTCCAAATAAATCTTTTACGATTTTTAATGTTTGAATCGCTTGATTTGGTATTTTTCCGTTAATCAAATTGCTCATGATTTCACCTCGTTGATTATGTTCATATAAAGTTTATATTGATACTCAATTTACTTACCCTAGATTGGACATATACTTAAATTACTGTTCAA,2732,ANT(9)-Ia,12.603822917195512,783,2640,1858,
