seq_name,seq_value,seq_length,gene,coverage,length,start_pos,end_pos,target_amr
extracted1,AAAATACACTCAAAGGCATTGAATGTATTTACGCTCTATATAAAAAGAACCGCAGATCTCTTCAGATCTACGGATTTTCGCCATGCCACGAAATTAGGGATATGTTAGCCAGTTAAGGGAACAACGACATGATAAAATGGTAGTTAGCTATATTTTTCTAACTTTGCAACAGAACCCCTAAAAAAAATTCAAAATCTTTCAGAGAAGCTGTTAAAGGAATTTTTAAGTTCACAGATATTAACTTAGCGCGTGAGGCTAAAAATCGATTGATTCATGATTATATCGATCAACCAAAATATTCAAAAGCTTGCGCATCATTGGATGATGGATTCGAAGACGCCTTTCAATATACCGTACAAGGAAATTCCCACAATCGACTAAAGAGTACCAATCTAATTGAACGACTGAATCAAGAAGTACGCAGAAGAGAAAAGATTATTCGCATCTTCCCCAATCAAACATCAGCCAATCGCTTAATTGGAGCCGTTCTTATGGACCTACATGATGAATGGATTTATTCTTCAAGAAAATACATCAATTTTGATAAGTAGAAATGGTAAAAACATTGTATAGCATTTTACACAGGAGTCTGGACTTGACTGAGTTTATGGAAGAAGTTTTAATTGATGATAATATGGTTTTTGATATTGATAATTTAAAAGGATTTCTTAATGATACCAGTTCATTTGGGTTTATAGCTAAAGAAAATAATAAAATTATAGGATTTGCATATTGCTATACACTTTTAAGACCTGATGGAAAAACAATGTTTTATTTACACTCAATAGGAATGTTACCTAACTATCAAGACAAAGGTTATGGTTCAAAATTATTATCTTTTATTAAGGAATATTCTAAAGAGATTGGTTGTTCTGAAATGTTTTTAATAACTGATAAAGGTAATCCTAGAGCTTGCCATGTATATGAAAAATTAGGTGGTAAAAATGATTATAAAGATGAAATAGTATATGTATATGATTATGAAAAAGGTGATAAATAAatgaatatagttgaaaatgaaatatgtataagaactttaatagatgatgattttcctttgatgttaaaatggttaactgatgaaagagtattagaattttatggtggtagagataaaaaatatacattagaatcattaaaaaaacattatacagagccttgggaagatgaagtttttagagtaattattgaatataacaatgttcctattggatatggacaaatatataaaatgtatgatgagttatatactgattatcattatccaaaaactgatgagatagtctatggtatggatcaatttataggagagccaaattattggagtaaaggaattggtacaagatatattaaattgatttttgaatttttgaaaaaagaaagaaatgctaatgcagttattttagaccctcataaaaataatccaagagcaataagggcataccaaaaatctggttttagaattattgaagatttgccagaacatgaattacacgagggcaaaaaagaagattgttatttaatggaatatagatatgatgataatgccacaaatgttaaggcaatgaaatatttaattgagcattactttgataatttcaaagtagatagtattgaaataatcggtagtggttatgatagtgtggcatatttagttaataatgaatacatttttaaaacaaaatttagtactaataagaaaaaaggttatgcaaaagaaaaagcaatatataattttttaaatacaaatttagaaactaatgtaaaaattcctaatattgaatattcgtatattagtgatgaattatctatactaggttataaagaaattaaaggaacttttttaacaccagaaatttattctactatgtcagaagaagaacaaaatttgttaaaacgagatattgccagttttttaagacaaatgcacggtttagattatacagatattagtgaatgtactattgataataaacaaaatgtattagaagagtatatattgttgcgtgaaactatttataatgatttaactgatatagaaaaagattatatagaaagttttatggaaagactaaatgcaacaacagtttttgagggtaaaaagtgtttatgccataatgattttagttgtaatcatctattgttagatggcaataatagattaactggaataattgattttggagattctggaattatagatgaatattgtgattttatatacttacttgaagatagtgaagaagaaataggaacaaattttggagaagatatattaagaatgtatggaaatatagatattgagaaagcaaaagaatatcaagatatagttgaagaatattatcctattgaaactattgtttatggaattaaaaatattaaacaggaatttatcgaaaatggtagaaaagaaatttataaaaggacttataaagattgaTTATATAATATATGAAAAGCTATTATAAAAGACATTAGTATTAAATAGTTTAAAAAAATGAAAAATAATAAAGGAAGTGAGTCAAGTCCAGACTCCTGTGTAAAATGCTATACAATGTTTTTACCATTTCTACTTATCAAAATTGATGTATTTTCTTGAAGAATAAATCCATTCATCATGTAGGTCCATAAGAACGGCTCCAATTAAGCGATTGGCTGATGTTTGATTGGGGAAGATGCGAATAATCTTTTCTCTTCTGCGTACTTCTTGATTCAGTCGTTCAATTAGATTGGTACTCTTTAGTCGATTGTGGGAATTTCCTTGTACGGTATATTGAAAGGCGTCTTCGAATCCATCATCCAATGATGCGCAAGCTTTTGAATATTTTGGTTGATCGATATAATCATGAATCAATCGATTTTTAGCCTCACGCGCTAAGTTAATATCTGTGAACTTAAAAATTCCTTTAACAGCTTCTCTGAAAGATTTTGAATTTTTTTTAGGGGTTCTGTTGCAAAGTTAGAAAAATATAGCTAACTACCATTTTATCATGTCGTTGTTCCCTTAACTGGCTAACATATCCCTAATTTCGTGGCATGGCGAAAATCCGTAGATCTGAAGAGATCTGCGGTTCTTTTTATATAGAGCGTAAATACATTCAATGCCTTTGAGTGTATTTTTTGCCGTATTGATACTTTGATATCTTGTCTTTCTTACTTTAATATGACGGTGATCTTGCTCAATGAGGTTATTCAGATATTTCGATGTACAATGACAGTCAGGTTTAAGTTTAAAAGCTTTAATTACTTTAGCTATTGCTACTTTCGTTGAAGGTGCCTGATCTGTAATTACCTTTTGAGGTTTACCAAATTGTTTAATGAGACGTTTGATAAACGCATATGCTGAATGATTATCTCGTTGCTTACGCAACCAAATATCTAATGTATGTCCCTCTGCATCAATGGCACGATATAAATAGCTCCATTTTCCTTTTATTTTG,3440,,10.88545362392296,447,554,1000,
extracted1,AAAATACACTCAAAGGCATTGAATGTATTTACGCTCTATATAAAAAGAACCGCAGATCTCTTCAGATCTACGGATTTTCGCCATGCCACGAAATTAGGGATATGTTAGCCAGTTAAGGGAACAACGACATGATAAAATGGTAGTTAGCTATATTTTTCTAACTTTGCAACAGAACCCCTAAAAAAAATTCAAAATCTTTCAGAGAAGCTGTTAAAGGAATTTTTAAGTTCACAGATATTAACTTAGCGCGTGAGGCTAAAAATCGATTGATTCATGATTATATCGATCAACCAAAATATTCAAAAGCTTGCGCATCATTGGATGATGGATTCGAAGACGCCTTTCAATATACCGTACAAGGAAATTCCCACAATCGACTAAAGAGTACCAATCTAATTGAACGACTGAATCAAGAAGTACGCAGAAGAGAAAAGATTATTCGCATCTTCCCCAATCAAACATCAGCCAATCGCTTAATTGGAGCCGTTCTTATGGACCTACATGATGAATGGATTTATTCTTCAAGAAAATACATCAATTTTGATAAGTAGAAATGGTAAAAACATTGTATAGCATTTTACACAGGAGTCTGGACTTGACTGAGTTTATGGAAGAAGTTTTAATTGATGATAATATGGTTTTTGATATTGATAATTTAAAAGGATTTCTTAATGATACCAGTTCATTTGGGTTTATAGCTAAAGAAAATAATAAAATTATAGGATTTGCATATTGCTATACACTTTTAAGACCTGATGGAAAAACAATGTTTTATTTACACTCAATAGGAATGTTACCTAACTATCAAGACAAAGGTTATGGTTCAAAATTATTATCTTTTATTAAGGAATATTCTAAAGAGATTGGTTGTTCTGAAATGTTTTTAATAACTGATAAAGGTAATCCTAGAGCTTGCCATGTATATGAAAAATTAGGTGGTAAAAATGATTATAAAGATGAAATAGTATATGTATATGATTATGAAAAAGGTGATAAATAAatgaatatagttgaaaatgaaatatgtataagaactttaatagatgatgattttcctttgatgttaaaatggttaactgatgaaagagtattagaattttatggtggtagagataaaaaatatacattagaatcattaaaaaaacattatacagagccttgggaagatgaagtttttagagtaattattgaatataacaatgttcctattggatatggacaaatatataaaatgtatgatgagttatatactgattatcattatccaaaaactgatgagatagtctatggtatggatcaatttataggagagccaaattattggagtaaaggaattggtacaagatatattaaattgatttttgaatttttgaaaaaagaaagaaatgctaatgcagttattttagaccctcataaaaataatccaagagcaataagggcataccaaaaatctggttttagaattattgaagatttgccagaacatgaattacacgagggcaaaaaagaagattgttatttaatggaatatagatatgatgataatgccacaaatgttaaggcaatgaaatatttaattgagcattactttgataatttcaaagtagatagtattgaaataatcggtagtggttatgatagtgtggcatatttagttaataatgaatacatttttaaaacaaaatttagtactaataagaaaaaaggttatgcaaaagaaaaagcaatatataattttttaaatacaaatttagaaactaatgtaaaaattcctaatattgaatattcgtatattagtgatgaattatctatactaggttataaagaaattaaaggaacttttttaacaccagaaatttattctactatgtcagaagaagaacaaaatttgttaaaacgagatattgccagttttttaagacaaatgcacggtttagattatacagatattagtgaatgtactattgataataaacaaaatgtattagaagagtatatattgttgcgtgaaactatttataatgatttaactgatatagaaaaagattatatagaaagttttatggaaagactaaatgcaacaacagtttttgagggtaaaaagtgtttatgccataatgattttagttgtaatcatctattgttagatggcaataatagattaactggaataattgattttggagattctggaattatagatgaatattgtgattttatatacttacttgaagatagtgaagaagaaataggaacaaattttggagaagatatattaagaatgtatggaaatatagatattgagaaagcaaaagaatatcaagatatagttgaagaatattatcctattgaaactattgtttatggaattaaaaatattaaacaggaatttatcgaaaatggtagaaaagaaatttataaaaggacttataaagattgaTTATATAATATATGAAAAGCTATTATAAAAGACATTAGTATTAAATAGTTTAAAAAAATGAAAAATAATAAAGGAAGTGAGTCAAGTCCAGACTCCTGTGTAAAATGCTATACAATGTTTTTACCATTTCTACTTATCAAAATTGATGTATTTTCTTGAAGAATAAATCCATTCATCATGTAGGTCCATAAGAACGGCTCCAATTAAGCGATTGGCTGATGTTTGATTGGGGAAGATGCGAATAATCTTTTCTCTTCTGCGTACTTCTTGATTCAGTCGTTCAATTAGATTGGTACTCTTTAGTCGATTGTGGGAATTTCCTTGTACGGTATATTGAAAGGCGTCTTCGAATCCATCATCCAATGATGCGCAAGCTTTTGAATATTTTGGTTGATCGATATAATCATGAATCAATCGATTTTTAGCCTCACGCGCTAAGTTAATATCTGTGAACTTAAAAATTCCTTTAACAGCTTCTCTGAAAGATTTTGAATTTTTTTTAGGGGTTCTGTTGCAAAGTTAGAAAAATATAGCTAACTACCATTTTATCATGTCGTTGTTCCCTTAACTGGCTAACATATCCCTAATTTCGTGGCATGGCGAAAATCCGTAGATCTGAAGAGATCTGCGGTTCTTTTTATATAGAGCGTAAATACATTCAATGCCTTTGAGTGTATTTTTTGCCGTATTGATACTTTGATATCTTGTCTTTCTTACTTTAATATGACGGTGATCTTGCTCAATGAGGTTATTCAGATATTTCGATGTACAATGACAGTCAGGTTTAAGTTTAAAAGCTTTAATTACTTTAGCTATTGCTACTTTCGTTGAAGGTGCCTGATCTGTAATTACCTTTTGAGGTTTACCAAATTGTTTAATGAGACGTTTGATAAACGCATATGCTGAATGATTATCTCGTTGCTTACGCAACCAAATATCTAATGTATGTCCCTCTGCATCAATGGCACGATATAAATAGCTCCATTTTCCTTTTATTTTG,3440,AAC(6')-Ie-APH(2'')-Ia,10.88545362392296,1440,1001,2440,yes
