seq_name,seq_value,seq_length,gene,prokka_gene_name,product,length,start_pos,end_pos,RGI_prediction_type,coverage,family,target_amr
extracted1,AAAATACACTCAAAGGCATTGAATGTATTTACGCTCTATATAAAAAGAACCGCAGATCTCTTCAGATCTACGGATTTTCGCCATGCCACGAAATTAGGGATATGTTAGCCAGTTAAGGGAACAACGACATGATAAAATGGTAGTTAGCTATATTTTTCTAACTTTGCAACAGAACCCCTAAAAAAAATTCAAAATCTTTCAGAGAAGCTGTTAAAGGAATTTTTAAGTTCACAGATATTAACTTAGCGCGTGAGGCTAAAAATCGATTGATTCATGATTATATCGATCAACCAAAATATTCAAAAGCTTGCGCATCATTGGATGATGGATTCGAAGACGCCTTTCAATATACCGTACAAGGAAATTCCCACAATCGACTAAAGAGTACCAATCTAATTGAACGACTGAATCAAGAAGTACGCAGAAGAGAAAAGATTATTCGCATCTTCCCCAATCAAACATCAGCCAATCGCTTAATTGGAGCCGTTCTTATGGACCTACATGATGAATGGATTTATTCTTCAAGAAAATACATCAATTTTGATAAGTAGAAATGGTAAAAACATTGTATAGCATTTTACACAGGAGTCTGGACTTGACTGAGTTTATGGAAGAAGTTTTAATTGATGATAATATGGTTTTTGATATTGATAATTTAAAAGGATTTCTTAATGATACCAGTTCATTTGGGTTTATAGCTAAAGAAAATAATAAAATTATAGGATTTGCATATTGCTATACACTTTTAAGACCTGATGGAAAAACAATGTTTTATTTACACTCAATAGGAATGTTACCTAACTATCAAGACAAAGGTTATGGTTCAAAATTATTATCTTTTATTAAGGAATATTCTAAAGAGATTGGTTGTTCTGAAATGTTTTTAATAACTGATAAAGGTAATCCTAGAGCTTGCCATGTATATGAAAAATTAGGTGGTAAAAATGATTATAAAGATGAAATAGTATATGTATATGATTATGAAAAAGGTGATAAATAAatgaatatagttgaaaatgaaatatgtataagaactttaatagatgatgattttcctttgatgttaaaatggttaactgatgaaagagtattagaattttatggtggtagagataaaaaatatacattagaatcattaaaaaaacattatacagagccttgggaagatgaagtttttagagtaattattgaatataacaatgttcctattggatatggacaaatatataaaatgtatgatgagttatatactgattatcattatccaaaaactgatgagatagtctatggtatggatcaatttataggagagccaaattattggagtaaaggaattggtacaagatatattaaattgatttttgaatttttgaaaaaagaaagaaatgctaatgcagttattttagaccctcataaaaataatccaagagcaataagggcataccaaaaatctggttttagaattattgaagatttgccagaacatgaattacacgagggcaaaaaagaagattgttatttaatggaatatagatatgatgataatgccacaaatgttaaggcaatgaaatatttaattgagcattactttgataatttcaaagtagatagtattgaaataatcggtagtggttatgatagtgtggcatatttagttaataatgaatacatttttaaaacaaaatttagtactaataagaaaaaaggttatgcaaaagaaaaagcaatatataattttttaaatacaaatttagaaactaatgtaaaaattcctaatattgaatattcgtatattagtgatgaattatctatactaggttataaagaaattaaaggaacttttttaacaccagaaatttattctactatgtcagaagaagaacaaaatttgttaaaacgagatattgccagttttttaagacaaatgcacggtttagattatacagatattagtgaatgtactattgataataaacaaaatgtattagaagagtatatattgttgcgtgaaactatttataatgatttaactgatatagaaaaagattatatagaaagttttatggaaagactaaatgcaacaacagtttttgagggtaaaaagtgtttatgccataatgattttagttgtaatcatctattgttagatggcaataatagattaactggaataattgattttggagattctggaattatagatgaatattgtgattttatatacttacttgaagatagtgaagaagaaataggaacaaattttggagaagatatattaagaatgtatggaaatatagatattgagaaagcaaaagaatatcaagatatagttgaagaatattatcctattgaaactattgtttatggaattaaaaatattaaacaggaatttatcgaaaatggtagaaaagaaatttataaaaggacttataaagattgaTTATATAATATATGAAAAGCTATTATAAAAGACATTAGTATTAAATAGTTTAAAAAAATGAAAAATAATAAAGGAAGTGAGTCAAGTCCAGACTCCTGTGTAAAATGCTATACAATGTTTTTACCATTTCTACTTATCAAAATTGATGTATTTTCTTGAAGAATAAATCCATTCATCATGTAGGTCCATAAGAACGGCTCCAATTAAGCGATTGGCTGATGTTTGATTGGGGAAGATGCGAATAATCTTTTCTCTTCTGCGTACTTCTTGATTCAGTCGTTCAATTAGATTGGTACTCTTTAGTCGATTGTGGGAATTTCCTTGTACGGTATATTGAAAGGCGTCTTCGAATCCATCATCCAATGATGCGCAAGCTTTTGAATATTTTGGTTGATCGATATAATCATGAATCAATCGATTTTTAGCCTCACGCGCTAAGTTAATATCTGTGAACTTAAAAATTCCTTTAACAGCTTCTCTGAAAGATTTTGAATTTTTTTTAGGGGTTCTGTTGCAAAGTTAGAAAAATATAGCTAACTACCATTTTATCATGTCGTTGTTCCCTTAACTGGCTAACATATCCCTAATTTCGTGGCATGGCGAAAATCCGTAGATCTGAAGAGATCTGCGGTTCTTTTTATATAGAGCGTAAATACATTCAATGCCTTTGAGTGTATTTTTTGCCGTATTGATACTTTGATATCTTGTCTTTCTTACTTTAATATGACGGTGATCTTGCTCAATGAGGTTATTCAGATATTTCGATGTACAATGACAGTCAGGTTTAAGTTTAAAAGCTTTAATTACTTTAGCTATTGCTACTTTCGTTGAAGGTGCCTGATCTGTAATTACCTTTTGAGGTTTACCAAATTGTTTAATGAGACGTTTGATAAACGCATATGCTGAATGATTATCTCGTTGCTTACGCAACCAAATATCTAATGTATGTCCCTCTGCATCAATGGCACGATATAAATAGCTCCATTTTCCTTTTATTTTG,3440,,,hypothetical protein,447,554,1000,,10.88545362392296,,
extracted1,AAAATACACTCAAAGGCATTGAATGTATTTACGCTCTATATAAAAAGAACCGCAGATCTCTTCAGATCTACGGATTTTCGCCATGCCACGAAATTAGGGATATGTTAGCCAGTTAAGGGAACAACGACATGATAAAATGGTAGTTAGCTATATTTTTCTAACTTTGCAACAGAACCCCTAAAAAAAATTCAAAATCTTTCAGAGAAGCTGTTAAAGGAATTTTTAAGTTCACAGATATTAACTTAGCGCGTGAGGCTAAAAATCGATTGATTCATGATTATATCGATCAACCAAAATATTCAAAAGCTTGCGCATCATTGGATGATGGATTCGAAGACGCCTTTCAATATACCGTACAAGGAAATTCCCACAATCGACTAAAGAGTACCAATCTAATTGAACGACTGAATCAAGAAGTACGCAGAAGAGAAAAGATTATTCGCATCTTCCCCAATCAAACATCAGCCAATCGCTTAATTGGAGCCGTTCTTATGGACCTACATGATGAATGGATTTATTCTTCAAGAAAATACATCAATTTTGATAAGTAGAAATGGTAAAAACATTGTATAGCATTTTACACAGGAGTCTGGACTTGACTGAGTTTATGGAAGAAGTTTTAATTGATGATAATATGGTTTTTGATATTGATAATTTAAAAGGATTTCTTAATGATACCAGTTCATTTGGGTTTATAGCTAAAGAAAATAATAAAATTATAGGATTTGCATATTGCTATACACTTTTAAGACCTGATGGAAAAACAATGTTTTATTTACACTCAATAGGAATGTTACCTAACTATCAAGACAAAGGTTATGGTTCAAAATTATTATCTTTTATTAAGGAATATTCTAAAGAGATTGGTTGTTCTGAAATGTTTTTAATAACTGATAAAGGTAATCCTAGAGCTTGCCATGTATATGAAAAATTAGGTGGTAAAAATGATTATAAAGATGAAATAGTATATGTATATGATTATGAAAAAGGTGATAAATAAatgaatatagttgaaaatgaaatatgtataagaactttaatagatgatgattttcctttgatgttaaaatggttaactgatgaaagagtattagaattttatggtggtagagataaaaaatatacattagaatcattaaaaaaacattatacagagccttgggaagatgaagtttttagagtaattattgaatataacaatgttcctattggatatggacaaatatataaaatgtatgatgagttatatactgattatcattatccaaaaactgatgagatagtctatggtatggatcaatttataggagagccaaattattggagtaaaggaattggtacaagatatattaaattgatttttgaatttttgaaaaaagaaagaaatgctaatgcagttattttagaccctcataaaaataatccaagagcaataagggcataccaaaaatctggttttagaattattgaagatttgccagaacatgaattacacgagggcaaaaaagaagattgttatttaatggaatatagatatgatgataatgccacaaatgttaaggcaatgaaatatttaattgagcattactttgataatttcaaagtagatagtattgaaataatcggtagtggttatgatagtgtggcatatttagttaataatgaatacatttttaaaacaaaatttagtactaataagaaaaaaggttatgcaaaagaaaaagcaatatataattttttaaatacaaatttagaaactaatgtaaaaattcctaatattgaatattcgtatattagtgatgaattatctatactaggttataaagaaattaaaggaacttttttaacaccagaaatttattctactatgtcagaagaagaacaaaatttgttaaaacgagatattgccagttttttaagacaaatgcacggtttagattatacagatattagtgaatgtactattgataataaacaaaatgtattagaagagtatatattgttgcgtgaaactatttataatgatttaactgatatagaaaaagattatatagaaagttttatggaaagactaaatgcaacaacagtttttgagggtaaaaagtgtttatgccataatgattttagttgtaatcatctattgttagatggcaataatagattaactggaataattgattttggagattctggaattatagatgaatattgtgattttatatacttacttgaagatagtgaagaagaaataggaacaaattttggagaagatatattaagaatgtatggaaatatagatattgagaaagcaaaagaatatcaagatatagttgaagaatattatcctattgaaactattgtttatggaattaaaaatattaaacaggaatttatcgaaaatggtagaaaagaaatttataaaaggacttataaagattgaTTATATAATATATGAAAAGCTATTATAAAAGACATTAGTATTAAATAGTTTAAAAAAATGAAAAATAATAAAGGAAGTGAGTCAAGTCCAGACTCCTGTGTAAAATGCTATACAATGTTTTTACCATTTCTACTTATCAAAATTGATGTATTTTCTTGAAGAATAAATCCATTCATCATGTAGGTCCATAAGAACGGCTCCAATTAAGCGATTGGCTGATGTTTGATTGGGGAAGATGCGAATAATCTTTTCTCTTCTGCGTACTTCTTGATTCAGTCGTTCAATTAGATTGGTACTCTTTAGTCGATTGTGGGAATTTCCTTGTACGGTATATTGAAAGGCGTCTTCGAATCCATCATCCAATGATGCGCAAGCTTTTGAATATTTTGGTTGATCGATATAATCATGAATCAATCGATTTTTAGCCTCACGCGCTAAGTTAATATCTGTGAACTTAAAAATTCCTTTAACAGCTTCTCTGAAAGATTTTGAATTTTTTTTAGGGGTTCTGTTGCAAAGTTAGAAAAATATAGCTAACTACCATTTTATCATGTCGTTGTTCCCTTAACTGGCTAACATATCCCTAATTTCGTGGCATGGCGAAAATCCGTAGATCTGAAGAGATCTGCGGTTCTTTTTATATAGAGCGTAAATACATTCAATGCCTTTGAGTGTATTTTTTGCCGTATTGATACTTTGATATCTTGTCTTTCTTACTTTAATATGACGGTGATCTTGCTCAATGAGGTTATTCAGATATTTCGATGTACAATGACAGTCAGGTTTAAGTTTAAAAGCTTTAATTACTTTAGCTATTGCTACTTTCGTTGAAGGTGCCTGATCTGTAATTACCTTTTGAGGTTTACCAAATTGTTTAATGAGACGTTTGATAAACGCATATGCTGAATGATTATCTCGTTGCTTACGCAACCAAATATCTAATGTATGTCCCTCTGCATCAATGGCACGATATAAATAGCTCCATTTTCCTTTTATTTTG,3440,AAC(6')-Ie-APH(2'')-Ia,aacA-aphD,Bifunctional AAC/APH,1440,1001,2440,Perfect,10.88545362392296,APH(2''); AAC(6'),yes
