ORF_ID	Contig	Start	Stop	Orientation	Cut_Off	Pass_Bitscore	Best_Hit_Bitscore	Best_Hit_ARO	Best_Identities	ARO	Model_type	SNPs_in_Best_Hit_ARO	Other_SNPs	Drug Class	Resistance Mechanism	AMR Gene Family	Predicted_DNA	Predicted_Protein	CARD_Protein_Sequence	Percentage Length of Reference Sequence	ID	Model_ID	Nudged	Note
NFDPJF_00005 23S rRNA (adenine(2058)-N(6))-methyltransferase Erm(A)					Perfect	400	496.508	ErmA	100.0	3000347	protein homolog model	n/a	n/a	macrolide antibiotic; lincosamide antibiotic; streptogramin antibiotic	antibiotic target alteration	Erm 23S ribosomal RNA methyltransferase		MNQKNPKDTQNFITSKKHVKEILNHTNISKQDNVIEIGSGKGHFTKELVKMSRSVTAIEIDGGLCQVTKEAVNPSENIKVIQTDILKFSFPKHINYKIYGNIPYNISTDIVKRITFESQAKYSYLIVEKGFAKRLQNLQRALGLLLMVEMDIKMLKKVPPLYFHPKPSVDSVLIVLERHQPLISKKDYKKYRSFVYKWVNREYRVLFTKNQFRQALKHANVTNINKLSKEQFLSIFNSYKLFH	MNQKNPKDTQNFITSKKHVKEILNHTNISKQDNVIEIGSGKGHFTKELVKMSRSVTAIEIDGGLCQVTKEAVNPSENIKVIQTDILKFSFPKHINYKIYGNIPYNISTDIVKRITFESQAKYSYLIVEKGFAKRLQNLQRALGLLLMVEMDIKMLKKVPPLYFHPKPSVDSVLIVLERHQPLISKKDYKKYRSFVYKWVNREYRVLFTKNQFRQALKHANVTNINKLSKEQFLSIFNSYKLFH	100.00	gnl|BL_ORD_ID|932|hsp_num:0	985		
NFDPJF_00010 aminoglycoside nucleotidyltransferase ANT(9)-Ia					Perfect	450	526.939	ANT(9)-Ia	100.0	3002630	protein homolog model	n/a	n/a	aminoglycoside antibiotic	antibiotic inactivation	ANT(9)		MSNLINGKIPNQAIQTLKIVKDLFGSSIVGVYLFGSAVNGGLRINSDVDVLVVVNHSLPQLTRKKLTERLMTISGKIGNTDSVRPLEVTVINRSEVVPWQYPPKREFIYGEWLRGEFENGQIQEPSYDPDLAIVLAQARKNSISLFGPDSSSILVSVPLTDIRRAIKDSLPELIEGIKGDERNVILTLARMWQTVTTGEITSKDVAAEWAIPLLPKEHVTLLDIARKGYRGECDDKWEGLYSKVKALVKYMKNSIETSLN	MSNLINGKIPNQAIQTLKIVKDLFGSSIVGVYLFGSAVNGGLRINSDVDVLVVVNHSLPQLTRKKLTERLMTISGKIGNTDSVRPLEVTVINRSEVVPWQYPPKREFIYGEWLRGEFENGQIQEPSYDPDLAIVLAQARKNSISLFGPDSSSILVSVPLTDIRRAIKDSLPELIEGIKGDERNVILTLARMWQTVTTGEITSKDVAAEWAIPLLPKEHVTLLDIARKGYRGECDDKWEGLYSKVKALVKYMKNSIETSLN	100.00	gnl|BL_ORD_ID|1302|hsp_num:0	1386		
