{"ECADEPCO_00001 rRNA adenine N-6-methyltransferase": {"gnl|BL_ORD_ID|932|hsp_num:0": {"type_match": "Perfect", "model_id": "985", "orf_strand": "", "orf_start": "", "orf_end": "", "orf_from": "", "model_name": "ErmA", "model_type": "protein homolog model", "model_type_id": 40292, "pass_evalue": "n/a", "pass_bitscore": "400", "ARO_accession": "3000347", "ARO_name": "ErmA", "ARO_category": {"36699": {"category_aro_accession": "3000560", "category_aro_cvterm_id": "36699", "category_aro_name": "Erm 23S ribosomal RNA methyltransferase", "category_aro_description": "Erm proteins are part of the RNA methyltransferase family and methylate A2058 (E. coli nomenclature) of the 23S ribosomal RNA conferring degrees of resistance to Macrolides, Lincosamides and Streptogramin b. This is called the MLSb phenotype.", "category_aro_class_name": "AMR Gene Family"}, "35925": {"category_aro_accession": "0000006", "category_aro_cvterm_id": "35925", "category_aro_name": "erythromycin", "category_aro_description": "Erythromycin is a macrolide antibiotic with a 14-carbon ring that has an antimicrobial spectrum similar to or slightly wider than that of penicillin, and is often used for people that have an allergy to penicillins. Erythromycin may possess bacteriocidal activity, particularly at higher concentrations by binding to the 50S subunit of the bacterial 70S rRNA complex, inhibiting peptidyl-tRNA translocation. Thus, protein synthesis and subsequently structure/function processes critical for life or replication are inhibited.", "category_aro_class_name": "Antibiotic"}, "35946": {"category_aro_accession": "0000027", "category_aro_cvterm_id": "35946", "category_aro_name": "roxithromycin", "category_aro_description": "Roxithromycin is a semi-synthetic, 14-carbon ring macrolide antibiotic derived from erythromycin. It is used to treat respiratory tract, urinary and soft tissue infections. Roxithromycin may possess bacteriocidal activity, particularly at higher concentrations by binding to the 50S subunit of the bacterial 70S rRNA complex, protein synthesis and subsequently structure/function processes critical for life or replication are inhibited.", "category_aro_class_name": "Antibiotic"}, "35964": {"category_aro_accession": "0000046", "category_aro_cvterm_id": "35964", "category_aro_name": "lincomycin", "category_aro_description": "Lincomycin is a lincosamide antibiotic that comes from the actinomyces Streptomyces lincolnensis. It binds to the 23s portion of the 50S subunit of bacterial ribosomes and inhibit early elongation of peptide chain by inhibiting transpeptidase reaction.", "category_aro_class_name": "Antibiotic"}, "35974": {"category_aro_accession": "0000057", "category_aro_cvterm_id": "35974", "category_aro_name": "telithromycin", "category_aro_description": "Telithromycin is a semi-synthetic derivative of erythromycin. It is a 14-membered macrolide and is the first ketolide antibiotic to be used in clinics. Telithromycin binds the 50S subunit of the bacterial ribosome to inhibit protein synthesis.", "category_aro_class_name": "Antibiotic"}, "35982": {"category_aro_accession": "0000065", "category_aro_cvterm_id": "35982", "category_aro_name": "clarithromycin", "category_aro_description": "Clarithromycin is a methyl derivative of erythromycin, sharing the 14-carbon macrolide ring. The antibiotic binds to the 50S subunit of the ribosome and is used to treat pharyngitis, tonsillitis, acute maxillary sinusitis, acute bacterial exacerbation of chronic bronchitis, pneumonia (especially atypical pneumonias associated with Chlamydia pneumoniae or TWAR), and skin structure infections.", "category_aro_class_name": "Antibiotic"}, "35983": {"category_aro_accession": "0000066", "category_aro_cvterm_id": "35983", "category_aro_name": "clindamycin", "category_aro_description": "Clindamycin is a lincosamide antibiotic that blocks A-site aminoacyl-tRNA binding. It is usually used to treat infections with anaerobic bacteria but can also be used to treat some protozoal diseases, such as malaria.", "category_aro_class_name": "Antibiotic"}, "36284": {"category_aro_accession": "3000145", "category_aro_cvterm_id": "36284", "category_aro_name": "tylosin", "category_aro_description": "Tylosin is a 16-membered macrolide, naturally produced by Streptomyces fradiae. It interacts with the bacterial ribosome 50S subunit to inhibit protein synthesis.", "category_aro_class_name": "Antibiotic"}, "36295": {"category_aro_accession": "3000156", "category_aro_cvterm_id": "36295", "category_aro_name": "spiramycin", "category_aro_description": "Spiramycin is a 16-membered macrolide and is natural product produced by Streptomyces ambofaciens. It binds to the 50S subunit of bacterial ribosomes and inhibits peptidyl transfer activity to disrupt protein synthesis.", "category_aro_class_name": "Antibiotic"}, "36297": {"category_aro_accession": "3000158", "category_aro_cvterm_id": "36297", "category_aro_name": "azithromycin", "category_aro_description": "Azithromycin is a 15-membered macrolide and falls under the subclass of azalide. Like other macrolides, azithromycin binds bacterial ribosomes to inhibit protein synthesis. The nitrogen substitution at the C-9a position prevents its degradation.", "category_aro_class_name": "Antibiotic"}, "36315": {"category_aro_accession": "3000176", "category_aro_cvterm_id": "36315", "category_aro_name": "dirithromycin", "category_aro_description": "Dirithromycin is an oxazine derivative of erythromycin, sharing the 14-carbon macrolide ring. The antibiotic binds to the 50S subunit of the ribosome to inhibit bacterial protein synthesis.", "category_aro_class_name": "Antibiotic"}, "36722": {"category_aro_accession": "3000583", "category_aro_cvterm_id": "36722", "category_aro_name": "pristinamycin IA", "category_aro_description": "Pristinamycin 1A is a type B streptogramin antibiotic produced by Streptomyces pristinaespiralis. It binds to the P site of the 50S subunit of the bacterial ribosome, preventing the extension of protein chains.", "category_aro_class_name": "Antibiotic"}, "36723": {"category_aro_accession": "3000584", "category_aro_cvterm_id": "36723", "category_aro_name": "quinupristin", "category_aro_description": "Quinupristin is a type B streptogramin and a semisynthetic derivative of pristinamycin 1A. It is a component of the drug Synercid and interacts with the 50S subunit of the bacterial ribosome to inhibit protein synthesis.", "category_aro_class_name": "Antibiotic"}, "37013": {"category_aro_accession": "3000669", "category_aro_cvterm_id": "37013", "category_aro_name": "pristinamycin IIA", "category_aro_description": "Pristinamycin IIA is a streptogramin A antibiotic.", "category_aro_class_name": "Antibiotic"}, "37016": {"category_aro_accession": "3000672", "category_aro_cvterm_id": "37016", "category_aro_name": "madumycin II", "category_aro_description": "Madumycin II is a streptogramin A antibiotic.", "category_aro_class_name": "Antibiotic"}, "37017": {"category_aro_accession": "3000673", "category_aro_cvterm_id": "37017", "category_aro_name": "griseoviridin", "category_aro_description": "Griseoviridin is a streptogramin A antibiotic.", "category_aro_class_name": "Antibiotic"}, "37018": {"category_aro_accession": "3000674", "category_aro_cvterm_id": "37018", "category_aro_name": "dalfopristin", "category_aro_description": "Dalfopristin is a water-soluble semi-synthetic derivative of pristinamycin IIA. It is produced by Streptomyces pristinaespiralis and is used in combination with quinupristin in a 7:3 ratio. Both work together to inhibit protein synthesis, and is active against Gram-positive bacteria.", "category_aro_class_name": "Antibiotic"}, "37019": {"category_aro_accession": "3000675", "category_aro_cvterm_id": "37019", "category_aro_name": "pristinamycin IB", "category_aro_description": "Pristinamycin IB is a class B streptogramin similar to pristinamycin IA, the former containing a N-methyl-4-(methylamino)phenylalanine instead of a N-methyl-4-(dimethylamino)phenylalanine in its class A streptogramin counterpart (one less methyl group).", "category_aro_class_name": "Antibiotic"}, "37021": {"category_aro_accession": "3000677", "category_aro_cvterm_id": "37021", "category_aro_name": "virginiamycin S2", "category_aro_description": "Virginiamycin S2 is a streptogramin B antibiotic.", "category_aro_class_name": "Antibiotic"}, "37022": {"category_aro_accession": "3000678", "category_aro_cvterm_id": "37022", "category_aro_name": "vernamycin B-gamma", "category_aro_description": "Vernamycin B-gamma is a class B streptogramin derived from virginiamycin S1.", "category_aro_class_name": "Antibiotic"}, "37023": {"category_aro_accession": "3000679", "category_aro_cvterm_id": "37023", "category_aro_name": "vernamycin C", "category_aro_description": "Vernamycin C is a streptogramin B antibiotic.", "category_aro_class_name": "Antibiotic"}, "37024": {"category_aro_accession": "3000680", "category_aro_cvterm_id": "37024", "category_aro_name": "patricin A", "category_aro_description": "Patricin A is a streptogramin B antibiotic.", "category_aro_class_name": "Antibiotic"}, "37025": {"category_aro_accession": "3000681", "category_aro_cvterm_id": "37025", "category_aro_name": "patricin B", "category_aro_description": "Patricin B is a streptogramin B antibiotic.", "category_aro_class_name": "Antibiotic"}, "37026": {"category_aro_accession": "3000682", "category_aro_cvterm_id": "37026", "category_aro_name": "ostreogrycin B3", "category_aro_description": "Ostreogrycin B3 is a derivative of pristinamycin IA, with an additional 3-hydroxy group on its 4-oxopipecolic acid.", "category_aro_class_name": "Antibiotic"}, "37247": {"category_aro_accession": "3000867", "category_aro_cvterm_id": "37247", "category_aro_name": "oleandomycin", "category_aro_description": "Oleandomycin is a 14-membered macrolide produced by Streptomyces antibioticus. It is ssimilar to erythromycin, and contains a desosamine amino sugar and an oleandrose sugar. It targets the 50S ribosomal subunit to prevent protein synthesis.", "category_aro_class_name": "Antibiotic"}, "35919": {"category_aro_accession": "0000000", "category_aro_cvterm_id": "35919", "category_aro_name": "macrolide antibiotic", "category_aro_description": "Macrolides are a group of drugs (typically antibiotics) that have a large macrocyclic lactone ring of 12-16 carbons to which one or more deoxy sugars, usually cladinose and desosamine, may be attached. Macrolides bind to the 50S-subunit of bacterial ribosomes, inhibiting the synthesis of vital proteins.", "category_aro_class_name": "Drug Class"}, "35936": {"category_aro_accession": "0000017", "category_aro_cvterm_id": "35936", "category_aro_name": "lincosamide antibiotic", "category_aro_description": "Lincosamides (e.g. lincomycin, clindamycin) are a class of drugs which bind to the 23s portion of the 50S subunit of bacterial ribosomes. This interaction inhibits early elongation of peptide chains by inhibiting the transpeptidase reaction, acting similarly to macrolides.", "category_aro_class_name": "Drug Class"}, "35945": {"category_aro_accession": "0000026", "category_aro_cvterm_id": "35945", "category_aro_name": "streptogramin antibiotic", "category_aro_description": "Streptogramin antibiotics are natural products produced by various members of the Streptomyces genus. These antibiotics bind to the P site of the 50S subunit of bacterial ribosomes to inhibit protein synthesis. The family consists of two subgroups, type A and type B, which are simultaneously produced by the same bacterial species in a ratio of roughly 70:30.", "category_aro_class_name": "Drug Class"}, "35997": {"category_aro_accession": "0001001", "category_aro_cvterm_id": "35997", "category_aro_name": "antibiotic target alteration", "category_aro_description": "Mutational alteration or enzymatic modification of antibiotic target which results in antibiotic resistance.", "category_aro_class_name": "Resistance Mechanism"}}, "evalue": 0.0, "bit_score": 496.508, "max_identities": 243, "cvterm_id": "35508", "query": "MNQKNPKDTQNFITSKKHVKEILNHTNISKQDNVIEIGSGKGHFTKELVKMSRSVTAIEIDGGLCQVTKEAVNPSENIKVIQTDILKFSFPKHINYKIYGNIPYNISTDIVKRITFESQAKYSYLIVEKGFAKRLQNLQRALGLLLMVEMDIKMLKKVPPLYFHPKPSVDSVLIVLERHQPLISKKDYKKYRSFVYKWVNREYRVLFTKNQFRQALKHANVTNINKLSKEQFLSIFNSYKLFH", "match": "MNQKNPKDTQNFITSKKHVKEILNHTNISKQDNVIEIGSGKGHFTKELVKMSRSVTAIEIDGGLCQVTKEAVNPSENIKVIQTDILKFSFPKHINYKIYGNIPYNISTDIVKRITFESQAKYSYLIVEKGFAKRLQNLQRALGLLLMVEMDIKMLKKVPPLYFHPKPSVDSVLIVLERHQPLISKKDYKKYRSFVYKWVNREYRVLFTKNQFRQALKHANVTNINKLSKEQFLSIFNSYKLFH", "sequence_from_db": "MNQKNPKDTQNFITSKKHVKEILNHTNISKQDNVIEIGSGKGHFTKELVKMSRSVTAIEIDGGLCQVTKEAVNPSENIKVIQTDILKFSFPKHINYKIYGNIPYNISTDIVKRITFESQAKYSYLIVEKGFAKRLQNLQRALGLLLMVEMDIKMLKKVPPLYFHPKPSVDSVLIVLERHQPLISKKDYKKYRSFVYKWVNREYRVLFTKNQFRQALKHANVTNINKLSKEQFLSIFNSYKLFH", "sequence_from_broadstreet": "MNQKNPKDTQNFITSKKHVKEILNHTNISKQDNVIEIGSGKGHFTKELVKMSRSVTAIEIDGGLCQVTKEAVNPSENIKVIQTDILKFSFPKHINYKIYGNIPYNISTDIVKRITFESQAKYSYLIVEKGFAKRLQNLQRALGLLLMVEMDIKMLKKVPPLYFHPKPSVDSVLIVLERHQPLISKKDYKKYRSFVYKWVNREYRVLFTKNQFRQALKHANVTNINKLSKEQFLSIFNSYKLFH", "dna_sequence_from_broadstreet": "ATGAACCAGAAAAACCCTAAAGACACGCAAAATTTTATTACTTCTAAAAAGCATGTAAAAGAAATATTGAATCACACGAATATCAGTAAACAAGACAACGTAATAGAAATCGGATCAGGAAAAGGACATTTTACCAAAGAGCTAGTCAAAATGAGTCGATCAGTTACTGCTATAGAAATTGATGGAGGCTTATGTCAAGTGACTAAAGAAGCGGTAAACCCCTCTGAGAATATAAAAGTGATTCAAACGGATATTCTAAAATTTTCCTTCCCAAAACATATAAACTATAAGATATATGGTAATATTCCTTATAACATCAGTACGGATATTGTCAAAAGAATTACCTTTGAAAGTCAGGCTAAATATAGCTATCTTATCGTTGAGAAGGGATTTGCGAAAAGATTGCAAAATCTGCAACGAGCTTTGGGTTTACTATTAATGGTGGAGATGGATATAAAAATGCTCAAAAAAGTACCACCACTATATTTTCATCCTAAGCCAAGTGTAGACTCTGTATTGATTGTTCTTGAACGACATCAACCATTGATTTCAAAGAAGGACTACAAAAAGTATCGATCTTTTGTTTATAAGTGGGTAAACCGTGAATATCGTGTTCTTTTCACTAAAAACCAATTCCGACAGGCTTTGAAGCATGCAAATGTCACTAATATTAATAAACTATCGAAGGAACAATTTCTTTCTATTTTCAATAGTTACAAATTGTTTCACTAA", "partial": "0", "query_start": 1, "query_end": 244, "query_from": "ECADEPCO_00001 rRNA adenine N-6-methyltransferase", "orf_prot_sequence": "MNQKNPKDTQNFITSKKHVKEILNHTNISKQDNVIEIGSGKGHFTKELVKMSRSVTAIEIDGGLCQVTKEAVNPSENIKVIQTDILKFSFPKHINYKIYGNIPYNISTDIVKRITFESQAKYSYLIVEKGFAKRLQNLQRALGLLLMVEMDIKMLKKVPPLYFHPKPSVDSVLIVLERHQPLISKKDYKKYRSFVYKWVNREYRVLFTKNQFRQALKHANVTNINKLSKEQFLSIFNSYKLFH", "perc_identity": 100.0}}, "ECADEPCO_00002 Streptomycin 3''-adenylyltransferase": {"gnl|BL_ORD_ID|1302|hsp_num:0": {"type_match": "Perfect", "model_id": "1386", "orf_strand": "", "orf_start": "", "orf_end": "", "orf_from": "", "model_name": "ANT(9)-Ia", "model_type": "protein homolog model", "model_type_id": 40292, "pass_evalue": "n/a", "pass_bitscore": "450", "ARO_accession": "3002630", "ARO_name": "ANT(9)-Ia", "ARO_category": {"36367": {"category_aro_accession": "3000228", "category_aro_cvterm_id": "36367", "category_aro_name": "ANT(9)", "category_aro_description": "Nucleotidylylation of spectinomycin at the hydroxyl group at position 9", "category_aro_class_name": "AMR Gene Family"}, "35957": {"category_aro_accession": "0000039", "category_aro_cvterm_id": "35957", "category_aro_name": "spectinomycin", "category_aro_description": "Spectinomycin is an aminoglycoside antibiotic used to treat different types of bacterial infections. Spectinomycin works by binding to the bacterial 30S ribosomal subunit inhibiting translation.", "category_aro_class_name": "Antibiotic"}, "35935": {"category_aro_accession": "0000016", "category_aro_cvterm_id": "35935", "category_aro_name": "aminoglycoside antibiotic", "category_aro_description": "Aminoglycosides are a group of antibiotics that are mostly effective against Gram-negative bacteria. These molecules consist of aminated sugars attached to a dibasic cyclitol. Aminoglycosides work by binding to the bacterial 30S ribosomal subunit (some work by binding to the 50S subunit), inhibiting the translocation of the peptidyl-tRNA from the A-site to the P-site and also causing misreading of mRNA, leaving the bacterium unable to synthesize proteins vital to its growth.", "category_aro_class_name": "Drug Class"}, "36000": {"category_aro_accession": "0001004", "category_aro_cvterm_id": "36000", "category_aro_name": "antibiotic inactivation", "category_aro_description": "Enzymatic inactivation of antibiotic to confer drug resistance.", "category_aro_class_name": "Resistance Mechanism"}}, "evalue": 0.0, "bit_score": 526.939, "max_identities": 260, "cvterm_id": "35508", "query": "MSNLINGKIPNQAIQTLKIVKDLFGSSIVGVYLFGSAVNGGLRINSDVDVLVVVNHSLPQLTRKKLTERLMTISGKIGNTDSVRPLEVTVINRSEVVPWQYPPKREFIYGEWLRGEFENGQIQEPSYDPDLAIVLAQARKNSISLFGPDSSSILVSVPLTDIRRAIKDSLPELIEGIKGDERNVILTLARMWQTVTTGEITSKDVAAEWAIPLLPKEHVTLLDIARKGYRGECDDKWEGLYSKVKALVKYMKNSIETSLN", "match": "MSNLINGKIPNQAIQTLKIVKDLFGSSIVGVYLFGSAVNGGLRINSDVDVLVVVNHSLPQLTRKKLTERLMTISGKIGNTDSVRPLEVTVINRSEVVPWQYPPKREFIYGEWLRGEFENGQIQEPSYDPDLAIVLAQARKNSISLFGPDSSSILVSVPLTDIRRAIKDSLPELIEGIKGDERNVILTLARMWQTVTTGEITSKDVAAEWAIPLLPKEHVTLLDIARKGYRGECDDKWEGLYSKVKALVKYMKNSIETSLN", "sequence_from_db": "MSNLINGKIPNQAIQTLKIVKDLFGSSIVGVYLFGSAVNGGLRINSDVDVLVVVNHSLPQLTRKKLTERLMTISGKIGNTDSVRPLEVTVINRSEVVPWQYPPKREFIYGEWLRGEFENGQIQEPSYDPDLAIVLAQARKNSISLFGPDSSSILVSVPLTDIRRAIKDSLPELIEGIKGDERNVILTLARMWQTVTTGEITSKDVAAEWAIPLLPKEHVTLLDIARKGYRGECDDKWEGLYSKVKALVKYMKNSIETSLN", "sequence_from_broadstreet": "MSNLINGKIPNQAIQTLKIVKDLFGSSIVGVYLFGSAVNGGLRINSDVDVLVVVNHSLPQLTRKKLTERLMTISGKIGNTDSVRPLEVTVINRSEVVPWQYPPKREFIYGEWLRGEFENGQIQEPSYDPDLAIVLAQARKNSISLFGPDSSSILVSVPLTDIRRAIKDSLPELIEGIKGDERNVILTLARMWQTVTTGEITSKDVAAEWAIPLLPKEHVTLLDIARKGYRGECDDKWEGLYSKVKALVKYMKNSIETSLN", "dna_sequence_from_broadstreet": "ATGAGCAATTTGATTAACGGAAAAATACCAAATCAAGCGATTCAAACATTAAAAATCGTAAAAGATTTATTTGGAAGTTCAATAGTTGGAGTATATCTATTTGGTTCAGCAGTAAATGGTGGTTTACGCATTAACAGCGATGTAGATGTTCTAGTCGTCGTGAATCATAGTTTACCTCAATTAACTCGAAAAAAACTAACAGAAAGACTAATGACTATATCAGGAAAGATTGGAAATACGGATTCTGTTAGACCACTTGAAGTTACGGTTATAAATAGGAGTGAAGTTGTCCCTTGGCAATATCCTCCAAAAAGAGAATTTATATACGGTGAGTGGCTCAGGGGTGAATTTGAGAATGGACAAATTCAGGAACCAAGCTATGATCCTGATTTGGCTATTGTTTTAGCACAAGCAAGAAAGAATAGTATTTCTCTATTTGGTCCTGATTCTTCAAGTATACTTGTCTCCGTACCTTTGACAGATATTCGAAGAGCAATTAAGGATTCTTTGCCAGAACTAATTGAGGGGATAAAAGGTGATGAGCGTAATGTAATTTTAACCCTAGCTCGAATGTGGCAAACAGTGACTACTGGTGAAATTACCTCGAAAGATGTCGCTGCAGAATGGGCTATACCTCTTTTACCTAAAGAGCATGTAACTTTACTGGATATAGCTAGAAAAGGCTATCGGGGAGAGTGTGATGATAAGTGGGAAGGACTATATTCAAAGGTGAAAGCACTCGTTAAGTATATGAAAAATTCTATAGAAACTTCTCTCAATTAG", "partial": "0", "query_start": 1, "query_end": 261, "query_from": "ECADEPCO_00002 Streptomycin 3''-adenylyltransferase", "orf_prot_sequence": "MSNLINGKIPNQAIQTLKIVKDLFGSSIVGVYLFGSAVNGGLRINSDVDVLVVVNHSLPQLTRKKLTERLMTISGKIGNTDSVRPLEVTVINRSEVVPWQYPPKREFIYGEWLRGEFENGQIQEPSYDPDLAIVLAQARKNSISLFGPDSSSILVSVPLTDIRRAIKDSLPELIEGIKGDERNVILTLARMWQTVTTGEITSKDVAAEWAIPLLPKEHVTLLDIARKGYRGECDDKWEGLYSKVKALVKYMKNSIETSLN", "perc_identity": 100.0}}}