> 49+, 57+, [519-], 57-, 49-, 39-, 23-:
AAAATACACTCAAAGGCATTGAATGTATTTACGCTCTATATAAAAAGAACCGCAGATCTCTTCAGATCTACGGATTTTCGCCATGCCACGAAATTAGGGATATGTTAGCCAGTTAAGGGAACAACGACATGATAAAATGGTAGTTAGCTATATTTTTCTAACTTTGCAACAGAACCCCTAAAAAAAATTCAAAATCTTTCAGAGAAGCTGTTAAAGGAATTTTTAAGTTCACAGATATTAACTTAGCGCGTGAGGCTAAAAATCGATTGATTCATGATTATATCGATCAACCAAAATATTCAAAAGCTTGCGCATCATTGGATGATGGATTCGAAGACGCCTTTCAATATACCGTACAAGGAAATTCCCACAATCGACTAAAGAGTACCAATCTAATTGAACGACTGAATCAAGAAGTACGCAGAAGAGAAAAGATTATTCGCATCTTCCCCAATCAAACATCAGCCAATCGCTTAATTGGAGCCGTTCTTATGGACCTACATGATGAATGGATTTATTCTTCAAGAAAATACATCAATTTTGATAAGTAGAAATGGTAAAAACATTGTATAGCATTTTACACAGGAGTCTGGACTTGACTGAGTTTATGGAAGAAGTTTTAATTGATGATAATATGGTTTTTGATATTGATAATTTAAAAGGATTTCTTAATGATACCAGTTCATTTGGGTTTATAGCTAAAGAAAATAATAAAATTATAGGATTTGCATATTGCTATACACTTTTAAGACCTGATGGAAAAACAATGTTTTATTTACACTCAATAGGAATGTTACCTAACTATCAAGACAAAGGTTATGGTTCAAAATTATTATCTTTTATTAAGGAATATTCTAAAGAGATTGGTTGTTCTGAAATGTTTTTAATAACTGATAAAGGTAATCCTAGAGCTTGCCATGTATATGAAAAATTAGGTGGTAAAAATGATTATAAAGATGAAATAGTATATGTATATGATTATGAAAAAGGTGATAAATAAatgaatatagttgaaaatgaaatatgtataagaactttaatagatgatgattttcctttgatgttaaaatggttaactgatgaaagagtattagaattttatggtggtagagataaaaaatatacattagaatcattaaaaaaacattatacagagccttgggaagatgaagtttttagagtaattattgaatataacaatgttcctattggatatggacaaatatataaaatgtatgatgagttatatactgattatcattatccaaaaactgatgagatagtctatggtatggatcaatttataggagagccaaattattggagtaaaggaattggtacaagatatattaaattgatttttgaatttttgaaaaaagaaagaaatgctaatgcagttattttagaccctcataaaaataatccaagagcaataagggcataccaaaaatctggttttagaattattgaagatttgccagaacatgaattacacgagggcaaaaaagaagattgttatttaatggaatatagatatgatgataatgccacaaatgttaaggcaatgaaatatttaattgagcattactttgataatttcaaagtagatagtattgaaataatcggtagtggttatgatagtgtggcatatttagttaataatgaatacatttttaaaacaaaatttagtactaataagaaaaaaggttatgcaaaagaaaaagcaatatataattttttaaatacaaatttagaaactaatgtaaaaattcctaatattgaatattcgtatattagtgatgaattatctatactaggttataaagaaattaaaggaacttttttaacaccagaaatttattctactatgtcagaagaagaacaaaatttgttaaaacgagatattgccagttttttaagacaaatgcacggtttagattatacagatattagtgaatgtactattgataataaacaaaatgtattagaagagtatatattgttgcgtgaaactatttataatgatttaactgatatagaaaaagattatatagaaagttttatggaaagactaaatgcaacaacagtttttgagggtaaaaagtgtttatgccataatgattttagttgtaatcatctattgttagatggcaataatagattaactggaataattgattttggagattctggaattatagatgaatattgtgattttatatacttacttgaagatagtgaagaagaaataggaacaaattttggagaagatatattaagaatgtatggaaatatagatattgagaaagcaaaagaatatcaagatatagttgaagaatattatcctattgaaactattgtttatggaattaaaaatattaaacaggaatttatcgaaaatggtagaaaagaaatttataaaaggacttataaagattgaTTATATAATATATGAAAAGCTATTATAAAAGACATTAGTATTAAATAGTTTAAAAAAATGAAAAATAATAAAGGAAGTGAGTCAAGTCCAGACTCCTGTGTAAAATGCTATACAATGTTTTTACCATTTCTACTTATCAAAATTGATGTATTTTCTTGAAGAATAAATCCATTCATCATGTAGGTCCATAAGAACGGCTCCAATTAAGCGATTGGCTGATGTTTGATTGGGGAAGATGCGAATAATCTTTTCTCTTCTGCGTACTTCTTGATTCAGTCGTTCAATTAGATTGGTACTCTTTAGTCGATTGTGGGAATTTCCTTGTACGGTATATTGAAAGGCGTCTTCGAATCCATCATCCAATGATGCGCAAGCTTTTGAATATTTTGGTTGATCGATATAATCATGAATCAATCGATTTTTAGCCTCACGCGCTAAGTTAATATCTGTGAACTTAAAAATTCCTTTAACAGCTTCTCTGAAAGATTTTGAATTTTTTTTAGGGGTTCTGTTGCAAAGTTAGAAAAATATAGCTAACTACCATTTTATCATGTCGTTGTTCCCTTAACTGGCTAACATATCCCTAATTTCGTGGCATGGCGAAAATCCGTAGATCTGAAGAGATCTGCGGTTCTTTTTATATAGAGCGTAAATACATTCAATGCCTTTGAGTGTATTTTTTGCCGTATTGATACTTTGATATCTTGTCTTTCTTACTTTAATATGACGGTGATCTTGCTCAATGAGGTTATTCAGATATTTCGATGTACAATGACAGTCAGGTTTAAGTTTAAAAGCTTTAATTACTTTAGCTATTGCTACTTTCGTTGAAGGTGCCTGATCTGTAATTACCTTTTGAGGTTTACCAAATTGTTTAATGAGACGTTTGATAAACGCATATGCTGAATGATTATCTCGTTGCTTACGCAACCAAATATCTAATGTATGTCCCTCTGCATCAATGGCACGATATAAATAGCTCCATTTTCCTTTTATTTTG
