seq_name,seq_value,seq_length,gene,coverage,length,start_pos,end_pos,target_amr
extracted1,TAACAACGGGATGCCCCAGCATATTGTGCAGAAATTTTTGGGGCATGAAAGCCCAGAAATGACAAGCAGATACGCTCATATCTTTGATGAAACTCTAAAAAATGAATTTACTAAATTTCAGGAAAAACTGGTTACCAATAATGGAGATGTGCTTGATCTAGATGAAGATAATGAAGTCGATGATGTAGAGCTTCAATGGTTCAAGAAAAATATAAATGCACAAGTGCTTCCAAATGGTTATTGTAGATTGCCAGTAGTAGCAGGTGGTTGTCCACATGCGAATGCATGCTTAGATTGCACTCACTTCTGTACCAGTAAGCAATTCTTACCACAGCACGAAGAACAGTTAGAGCGTACAGAAGAGTTATTAGCCATAGCTAAGGATAAACAATGGCAAAGACAAGTAGAGACTAATAGCCGTGTTAAAGAGCGTTTAGAACAAATCATTGGAAGTTTGACGGGGTAATTATCAATGGATAAACAAGTTAGAAATACAACAGAAATTGTACGTTTGGCGAAGCAGAAATCAAAAAAGACAAGGGAAAAAGTAGACAAAGCGATTTCTAAATTTTCGATTGAAGGTAAAGTTATTAATTTTAATTCAATAGCAAAGGAAGCTAATGTTTCTAAATCATGGCTTTATAAGGAACACGATATTAGGCAAAGAATCGAATCCCTTCGTGAGCGTCAAATAACAGCAAATGTAGTCTCAAAACCCAAGAAAAGTTCTCGTTCGGAGGAAATCCTTATTAAAACCTTAAAAAGAAGAGTAATGGAATTAGAAAAAGAAAATAAAAAATTACAGAACCAAATTCAAAAATTATATGGAGATCTGTATAATAAAGAATAATTATTAATCTGTAGACAAATTGTGAAAGGATGTACTTAAACGCTAACGGTCAGCTTTATTGAACAGTAATTTAAGTATATGTCCAATCTAGGGTAAGTAAATTGAGTATCAATATAAACTTTATATGAACATAATCAACGAGGTGAAATCatgagcaatttgattaacggaaaaataccaaatcaagcgattcaaacattaaaaatcgtaaaagatttatttggaagttcaatagttggagtatatctatttggttcagcagtaaatggtggtttacgcattaacagcgatgtagatgttctagtcgtcgtgaatcatagtttacctcaattaactcgaaaaaaactaacagaaagactaatgactatatcaggaaagattggaaatacggattctgttagaccacttgaagttacggttataaataggagtgaagttgtcccttggcaatatcctccaaaaagagaatttatatacggtgagtggctcaggggtgaatttgagaatggacaaattcaggaaccaagctatgatcctgatttggctattgttttagcacaagcaagaaagaatagtatttctctatttggtcctgattcttcaagtatacttgtctccgtacctttgacagatattcgaagagcaattaaggattctttgccagaactaattgaggggataaaaggtgatgagcgtaatgtaattttaaccctagctcgaatgtggcaaacagtgactactggtgaaattacctcgaaagatgtcgctgcagaatgggctatacctcttttacctaaagagcatgtaactttactggatatagctagaaaaggctatcggggagagtgtgatgataagtgggaaggactatattcaaaggtgaaagcactcgttaagtatatgaaaaattctatagaaacttctctcaattagGCTAATTTTATTGCAATAACAGGTGCTTACTTTTAAAACTACTGATTTATTGATAAATATTGAACAATTTTTGGGAAGAATAAAGCGTCCTCTTGTGAAATTAGAGAACGCTTTATTACTTTAATTTAGTGAAACAATTTGTAACTATTGAAAATAGAAAGAAATTGTTCCTTCGATAGTTTATTAATATTAGTGACATTTGCATGCTTCAAAGCCTGTCGGAATTGGTTTTTAGTGAAAAGAACACGATATTCACGGTTTACCCACTTATAAACAAAAGATCGATACTTTTTGTAGTCCTTCTTTGAAATCAATGGTTGATGTCGTTCAAGAACAATCAATACAGAGTCTACACTTGGCTTAGGATGAAAATATAGTGGTGGTACTTTTTTGAGCATTTTTATATCCATCTCCACCATTAATAGTAAACCCAAAGCTCGTTGCAGATTTTGCAATCTTTTCGCAAATCCCTTCTCAACGATAAGATAGCTATATTTAGCCTGACTTTCAAAGGTAATTCTTTTGACAATATCCGTACTGATGTTATAAGGAATATTACCATATATCTTATAGTTTATATGTTTTGGGAAGGAAAATTTTAGAATATCCGTTTGAATCACTTTTATATTCTCAGAGGGGTTTACCGCTTCTTTAGTCACTTGACATAAGCCTCCATCAATTTCTATAGCAGTAACTGATCGACTCATTTTGACTAGCTCTTTGGTAAAATGTCCTTTTCCTGATCCGATTTCTATTACGTTGTCTTGTTTACTGATATTCGTGTGATTCAATATTTCTTTTACATGCTTTTTAGAAGTAATAAAATTTTGCGTGTCTTTAGGGTTTTTCTGGTTCATTATAACCTTCTCCTTACTGGTTCATTATAACCTTCTCCTTACTGGTTATAATGAACTGACATTAAGCGTTCATTATAACCAATTAATTTTGATTTGGTTGATAACGAACTTTATTAATAACAAATATAGAAAAAGTACCCATA,2783,,12.603822917195512,456,11,466,
extracted1,TAACAACGGGATGCCCCAGCATATTGTGCAGAAATTTTTGGGGCATGAAAGCCCAGAAATGACAAGCAGATACGCTCATATCTTTGATGAAACTCTAAAAAATGAATTTACTAAATTTCAGGAAAAACTGGTTACCAATAATGGAGATGTGCTTGATCTAGATGAAGATAATGAAGTCGATGATGTAGAGCTTCAATGGTTCAAGAAAAATATAAATGCACAAGTGCTTCCAAATGGTTATTGTAGATTGCCAGTAGTAGCAGGTGGTTGTCCACATGCGAATGCATGCTTAGATTGCACTCACTTCTGTACCAGTAAGCAATTCTTACCACAGCACGAAGAACAGTTAGAGCGTACAGAAGAGTTATTAGCCATAGCTAAGGATAAACAATGGCAAAGACAAGTAGAGACTAATAGCCGTGTTAAAGAGCGTTTAGAACAAATCATTGGAAGTTTGACGGGGTAATTATCAATGGATAAACAAGTTAGAAATACAACAGAAATTGTACGTTTGGCGAAGCAGAAATCAAAAAAGACAAGGGAAAAAGTAGACAAAGCGATTTCTAAATTTTCGATTGAAGGTAAAGTTATTAATTTTAATTCAATAGCAAAGGAAGCTAATGTTTCTAAATCATGGCTTTATAAGGAACACGATATTAGGCAAAGAATCGAATCCCTTCGTGAGCGTCAAATAACAGCAAATGTAGTCTCAAAACCCAAGAAAAGTTCTCGTTCGGAGGAAATCCTTATTAAAACCTTAAAAAGAAGAGTAATGGAATTAGAAAAAGAAAATAAAAAATTACAGAACCAAATTCAAAAATTATATGGAGATCTGTATAATAAAGAATAATTATTAATCTGTAGACAAATTGTGAAAGGATGTACTTAAACGCTAACGGTCAGCTTTATTGAACAGTAATTTAAGTATATGTCCAATCTAGGGTAAGTAAATTGAGTATCAATATAAACTTTATATGAACATAATCAACGAGGTGAAATCatgagcaatttgattaacggaaaaataccaaatcaagcgattcaaacattaaaaatcgtaaaagatttatttggaagttcaatagttggagtatatctatttggttcagcagtaaatggtggtttacgcattaacagcgatgtagatgttctagtcgtcgtgaatcatagtttacctcaattaactcgaaaaaaactaacagaaagactaatgactatatcaggaaagattggaaatacggattctgttagaccacttgaagttacggttataaataggagtgaagttgtcccttggcaatatcctccaaaaagagaatttatatacggtgagtggctcaggggtgaatttgagaatggacaaattcaggaaccaagctatgatcctgatttggctattgttttagcacaagcaagaaagaatagtatttctctatttggtcctgattcttcaagtatacttgtctccgtacctttgacagatattcgaagagcaattaaggattctttgccagaactaattgaggggataaaaggtgatgagcgtaatgtaattttaaccctagctcgaatgtggcaaacagtgactactggtgaaattacctcgaaagatgtcgctgcagaatgggctatacctcttttacctaaagagcatgtaactttactggatatagctagaaaaggctatcggggagagtgtgatgataagtgggaaggactatattcaaaggtgaaagcactcgttaagtatatgaaaaattctatagaaacttctctcaattagGCTAATTTTATTGCAATAACAGGTGCTTACTTTTAAAACTACTGATTTATTGATAAATATTGAACAATTTTTGGGAAGAATAAAGCGTCCTCTTGTGAAATTAGAGAACGCTTTATTACTTTAATTTAGTGAAACAATTTGTAACTATTGAAAATAGAAAGAAATTGTTCCTTCGATAGTTTATTAATATTAGTGACATTTGCATGCTTCAAAGCCTGTCGGAATTGGTTTTTAGTGAAAAGAACACGATATTCACGGTTTACCCACTTATAAACAAAAGATCGATACTTTTTGTAGTCCTTCTTTGAAATCAATGGTTGATGTCGTTCAAGAACAATCAATACAGAGTCTACACTTGGCTTAGGATGAAAATATAGTGGTGGTACTTTTTTGAGCATTTTTATATCCATCTCCACCATTAATAGTAAACCCAAAGCTCGTTGCAGATTTTGCAATCTTTTCGCAAATCCCTTCTCAACGATAAGATAGCTATATTTAGCCTGACTTTCAAAGGTAATTCTTTTGACAATATCCGTACTGATGTTATAAGGAATATTACCATATATCTTATAGTTTATATGTTTTGGGAAGGAAAATTTTAGAATATCCGTTTGAATCACTTTTATATTCTCAGAGGGGTTTACCGCTTCTTTAGTCACTTGACATAAGCCTCCATCAATTTCTATAGCAGTAACTGATCGACTCATTTTGACTAGCTCTTTGGTAAAATGTCCTTTTCCTGATCCGATTTCTATTACGTTGTCTTGTTTACTGATATTCGTGTGATTCAATATTTCTTTTACATGCTTTTTAGAAGTAATAAAATTTTGCGTGTCTTTAGGGTTTTTCTGGTTCATTATAACCTTCTCCTTACTGGTTCATTATAACCTTCTCCTTACTGGTTATAATGAACTGACATTAAGCGTTCATTATAACCAATTAATTTTGATTTGGTTGATAACGAACTTTATTAATAACAAATATAGAAAAAGTACCCATA,2783,,12.603822917195512,378,473,850,
extracted1,TAACAACGGGATGCCCCAGCATATTGTGCAGAAATTTTTGGGGCATGAAAGCCCAGAAATGACAAGCAGATACGCTCATATCTTTGATGAAACTCTAAAAAATGAATTTACTAAATTTCAGGAAAAACTGGTTACCAATAATGGAGATGTGCTTGATCTAGATGAAGATAATGAAGTCGATGATGTAGAGCTTCAATGGTTCAAGAAAAATATAAATGCACAAGTGCTTCCAAATGGTTATTGTAGATTGCCAGTAGTAGCAGGTGGTTGTCCACATGCGAATGCATGCTTAGATTGCACTCACTTCTGTACCAGTAAGCAATTCTTACCACAGCACGAAGAACAGTTAGAGCGTACAGAAGAGTTATTAGCCATAGCTAAGGATAAACAATGGCAAAGACAAGTAGAGACTAATAGCCGTGTTAAAGAGCGTTTAGAACAAATCATTGGAAGTTTGACGGGGTAATTATCAATGGATAAACAAGTTAGAAATACAACAGAAATTGTACGTTTGGCGAAGCAGAAATCAAAAAAGACAAGGGAAAAAGTAGACAAAGCGATTTCTAAATTTTCGATTGAAGGTAAAGTTATTAATTTTAATTCAATAGCAAAGGAAGCTAATGTTTCTAAATCATGGCTTTATAAGGAACACGATATTAGGCAAAGAATCGAATCCCTTCGTGAGCGTCAAATAACAGCAAATGTAGTCTCAAAACCCAAGAAAAGTTCTCGTTCGGAGGAAATCCTTATTAAAACCTTAAAAAGAAGAGTAATGGAATTAGAAAAAGAAAATAAAAAATTACAGAACCAAATTCAAAAATTATATGGAGATCTGTATAATAAAGAATAATTATTAATCTGTAGACAAATTGTGAAAGGATGTACTTAAACGCTAACGGTCAGCTTTATTGAACAGTAATTTAAGTATATGTCCAATCTAGGGTAAGTAAATTGAGTATCAATATAAACTTTATATGAACATAATCAACGAGGTGAAATCatgagcaatttgattaacggaaaaataccaaatcaagcgattcaaacattaaaaatcgtaaaagatttatttggaagttcaatagttggagtatatctatttggttcagcagtaaatggtggtttacgcattaacagcgatgtagatgttctagtcgtcgtgaatcatagtttacctcaattaactcgaaaaaaactaacagaaagactaatgactatatcaggaaagattggaaatacggattctgttagaccacttgaagttacggttataaataggagtgaagttgtcccttggcaatatcctccaaaaagagaatttatatacggtgagtggctcaggggtgaatttgagaatggacaaattcaggaaccaagctatgatcctgatttggctattgttttagcacaagcaagaaagaatagtatttctctatttggtcctgattcttcaagtatacttgtctccgtacctttgacagatattcgaagagcaattaaggattctttgccagaactaattgaggggataaaaggtgatgagcgtaatgtaattttaaccctagctcgaatgtggcaaacagtgactactggtgaaattacctcgaaagatgtcgctgcagaatgggctatacctcttttacctaaagagcatgtaactttactggatatagctagaaaaggctatcggggagagtgtgatgataagtgggaaggactatattcaaaggtgaaagcactcgttaagtatatgaaaaattctatagaaacttctctcaattagGCTAATTTTATTGCAATAACAGGTGCTTACTTTTAAAACTACTGATTTATTGATAAATATTGAACAATTTTTGGGAAGAATAAAGCGTCCTCTTGTGAAATTAGAGAACGCTTTATTACTTTAATTTAGTGAAACAATTTGTAACTATTGAAAATAGAAAGAAATTGTTCCTTCGATAGTTTATTAATATTAGTGACATTTGCATGCTTCAAAGCCTGTCGGAATTGGTTTTTAGTGAAAAGAACACGATATTCACGGTTTACCCACTTATAAACAAAAGATCGATACTTTTTGTAGTCCTTCTTTGAAATCAATGGTTGATGTCGTTCAAGAACAATCAATACAGAGTCTACACTTGGCTTAGGATGAAAATATAGTGGTGGTACTTTTTTGAGCATTTTTATATCCATCTCCACCATTAATAGTAAACCCAAAGCTCGTTGCAGATTTTGCAATCTTTTCGCAAATCCCTTCTCAACGATAAGATAGCTATATTTAGCCTGACTTTCAAAGGTAATTCTTTTGACAATATCCGTACTGATGTTATAAGGAATATTACCATATATCTTATAGTTTATATGTTTTGGGAAGGAAAATTTTAGAATATCCGTTTGAATCACTTTTATATTCTCAGAGGGGTTTACCGCTTCTTTAGTCACTTGACATAAGCCTCCATCAATTTCTATAGCAGTAACTGATCGACTCATTTTGACTAGCTCTTTGGTAAAATGTCCTTTTCCTGATCCGATTTCTATTACGTTGTCTTGTTTACTGATATTCGTGTGATTCAATATTTCTTTTACATGCTTTTTAGAAGTAATAAAATTTTGCGTGTCTTTAGGGTTTTTCTGGTTCATTATAACCTTCTCCTTACTGGTTCATTATAACCTTCTCCTTACTGGTTATAATGAACTGACATTAAGCGTTCATTATAACCAATTAATTTTGATTTGGTTGATAACGAACTTTATTAATAACAAATATAGAAAAAGTACCCATA,2783,ANT(9)-Ia,12.603822917195512,783,1001,1783,yes
extracted1,TAACAACGGGATGCCCCAGCATATTGTGCAGAAATTTTTGGGGCATGAAAGCCCAGAAATGACAAGCAGATACGCTCATATCTTTGATGAAACTCTAAAAAATGAATTTACTAAATTTCAGGAAAAACTGGTTACCAATAATGGAGATGTGCTTGATCTAGATGAAGATAATGAAGTCGATGATGTAGAGCTTCAATGGTTCAAGAAAAATATAAATGCACAAGTGCTTCCAAATGGTTATTGTAGATTGCCAGTAGTAGCAGGTGGTTGTCCACATGCGAATGCATGCTTAGATTGCACTCACTTCTGTACCAGTAAGCAATTCTTACCACAGCACGAAGAACAGTTAGAGCGTACAGAAGAGTTATTAGCCATAGCTAAGGATAAACAATGGCAAAGACAAGTAGAGACTAATAGCCGTGTTAAAGAGCGTTTAGAACAAATCATTGGAAGTTTGACGGGGTAATTATCAATGGATAAACAAGTTAGAAATACAACAGAAATTGTACGTTTGGCGAAGCAGAAATCAAAAAAGACAAGGGAAAAAGTAGACAAAGCGATTTCTAAATTTTCGATTGAAGGTAAAGTTATTAATTTTAATTCAATAGCAAAGGAAGCTAATGTTTCTAAATCATGGCTTTATAAGGAACACGATATTAGGCAAAGAATCGAATCCCTTCGTGAGCGTCAAATAACAGCAAATGTAGTCTCAAAACCCAAGAAAAGTTCTCGTTCGGAGGAAATCCTTATTAAAACCTTAAAAAGAAGAGTAATGGAATTAGAAAAAGAAAATAAAAAATTACAGAACCAAATTCAAAAATTATATGGAGATCTGTATAATAAAGAATAATTATTAATCTGTAGACAAATTGTGAAAGGATGTACTTAAACGCTAACGGTCAGCTTTATTGAACAGTAATTTAAGTATATGTCCAATCTAGGGTAAGTAAATTGAGTATCAATATAAACTTTATATGAACATAATCAACGAGGTGAAATCatgagcaatttgattaacggaaaaataccaaatcaagcgattcaaacattaaaaatcgtaaaagatttatttggaagttcaatagttggagtatatctatttggttcagcagtaaatggtggtttacgcattaacagcgatgtagatgttctagtcgtcgtgaatcatagtttacctcaattaactcgaaaaaaactaacagaaagactaatgactatatcaggaaagattggaaatacggattctgttagaccacttgaagttacggttataaataggagtgaagttgtcccttggcaatatcctccaaaaagagaatttatatacggtgagtggctcaggggtgaatttgagaatggacaaattcaggaaccaagctatgatcctgatttggctattgttttagcacaagcaagaaagaatagtatttctctatttggtcctgattcttcaagtatacttgtctccgtacctttgacagatattcgaagagcaattaaggattctttgccagaactaattgaggggataaaaggtgatgagcgtaatgtaattttaaccctagctcgaatgtggcaaacagtgactactggtgaaattacctcgaaagatgtcgctgcagaatgggctatacctcttttacctaaagagcatgtaactttactggatatagctagaaaaggctatcggggagagtgtgatgataagtgggaaggactatattcaaaggtgaaagcactcgttaagtatatgaaaaattctatagaaacttctctcaattagGCTAATTTTATTGCAATAACAGGTGCTTACTTTTAAAACTACTGATTTATTGATAAATATTGAACAATTTTTGGGAAGAATAAAGCGTCCTCTTGTGAAATTAGAGAACGCTTTATTACTTTAATTTAGTGAAACAATTTGTAACTATTGAAAATAGAAAGAAATTGTTCCTTCGATAGTTTATTAATATTAGTGACATTTGCATGCTTCAAAGCCTGTCGGAATTGGTTTTTAGTGAAAAGAACACGATATTCACGGTTTACCCACTTATAAACAAAAGATCGATACTTTTTGTAGTCCTTCTTTGAAATCAATGGTTGATGTCGTTCAAGAACAATCAATACAGAGTCTACACTTGGCTTAGGATGAAAATATAGTGGTGGTACTTTTTTGAGCATTTTTATATCCATCTCCACCATTAATAGTAAACCCAAAGCTCGTTGCAGATTTTGCAATCTTTTCGCAAATCCCTTCTCAACGATAAGATAGCTATATTTAGCCTGACTTTCAAAGGTAATTCTTTTGACAATATCCGTACTGATGTTATAAGGAATATTACCATATATCTTATAGTTTATATGTTTTGGGAAGGAAAATTTTAGAATATCCGTTTGAATCACTTTTATATTCTCAGAGGGGTTTACCGCTTCTTTAGTCACTTGACATAAGCCTCCATCAATTTCTATAGCAGTAACTGATCGACTCATTTTGACTAGCTCTTTGGTAAAATGTCCTTTTCCTGATCCGATTTCTATTACGTTGTCTTGTTTACTGATATTCGTGTGATTCAATATTTCTTTTACATGCTTTTTAGAAGTAATAAAATTTTGCGTGTCTTTAGGGTTTTTCTGGTTCATTATAACCTTCTCCTTACTGGTTCATTATAACCTTCTCCTTACTGGTTATAATGAACTGACATTAAGCGTTCATTATAACCAATTAATTTTGATTTGGTTGATAACGAACTTTATTAATAACAAATATAGAAAAAGTACCCATA,2783,ErmA,12.603822917195512,732,2640,1909,
