seq_name,seq_value,seq_length,gene,prokka_gene_name,product,length,start_pos,end_pos,RGI_prediction_type,coverage,family,target_amr
extracted1,TAACAACGGGATGCCCCAGCATATTGTGCAGAAATTTTTGGGGCATGAAAGCCCAGAAATGACAAGCAGATACGCTCATATCTTTGATGAAACTCTAAAAAATGAATTTACTAAATTTCAGGAAAAACTGGTTACCAATAATGGAGATGTGCTTGATCTAGATGAAGATAATGAAGTCGATGATGTAGAGCTTCAATGGTTCAAGAAAAATATAAATGCACAAGTGCTTCCAAATGGTTATTGTAGATTGCCAGTAGTAGCAGGTGGTTGTCCACATGCGAATGCATGCTTAGATTGCACTCACTTCTGTACCAGTAAGCAATTCTTACCACAGCACGAAGAACAGTTAGAGCGTACAGAAGAGTTATTAGCCATAGCTAAGGATAAACAATGGCAAAGACAAGTAGAGACTAATAGCCGTGTTAAAGAGCGTTTAGAACAAATCATTGGAAGTTTGACGGGGTAATTATCAATGGATAAACAAGTTAGAAATACAACAGAAATTGTACGTTTGGCGAAGCAGAAATCAAAAAAGACAAGGGAAAAAGTAGACAAAGCGATTTCTAAATTTTCGATTGAAGGTAAAGTTATTAATTTTAATTCAATAGCAAAGGAAGCTAATGTTTCTAAATCATGGCTTTATAAGGAACACGATATTAGGCAAAGAATCGAATCCCTTCGTGAGCGTCAAATAACAGCAAATGTAGTCTCAAAACCCAAGAAAAGTTCTCGTTCGGAGGAAATCCTTATTAAAACCTTAAAAAGAAGAGTAATGGAATTAGAAAAAGAAAATAAAAAATTACAGAACCAAATTCAAAAATTATATGGAGATCTGTATAATAAAGAATAATTATTAATCTGTAGACAAATTGTGAAAGGATGTACTTAAACGCTAACGGTCAGCTTTATTGAACAGTAATTTAAGTATATGTCCAATCTAGGGTAAGTAAATTGAGTATCAATATAAACTTTATATGAACATAATCAACGAGGTGAAATCatgagcaatttgattaacggaaaaataccaaatcaagcgattcaaacattaaaaatcgtaaaagatttatttggaagttcaatagttggagtatatctatttggttcagcagtaaatggtggtttacgcattaacagcgatgtagatgttctagtcgtcgtgaatcatagtttacctcaattaactcgaaaaaaactaacagaaagactaatgactatatcaggaaagattggaaatacggattctgttagaccacttgaagttacggttataaataggagtgaagttgtcccttggcaatatcctccaaaaagagaatttatatacggtgagtggctcaggggtgaatttgagaatggacaaattcaggaaccaagctatgatcctgatttggctattgttttagcacaagcaagaaagaatagtatttctctatttggtcctgattcttcaagtatacttgtctccgtacctttgacagatattcgaagagcaattaaggattctttgccagaactaattgaggggataaaaggtgatgagcgtaatgtaattttaaccctagctcgaatgtggcaaacagtgactactggtgaaattacctcgaaagatgtcgctgcagaatgggctatacctcttttacctaaagagcatgtaactttactggatatagctagaaaaggctatcggggagagtgtgatgataagtgggaaggactatattcaaaggtgaaagcactcgttaagtatatgaaaaattctatagaaacttctctcaattagGCTAATTTTATTGCAATAACAGGTGCTTACTTTTAAAACTACTGATTTATTGATAAATATTGAACAATTTTTGGGAAGAATAAAGCGTCCTCTTGTGAAATTAGAGAACGCTTTATTACTTTAATTTAGTGAAACAATTTGTAACTATTGAAAATAGAAAGAAATTGTTCCTTCGATAGTTTATTAATATTAGTGACATTTGCATGCTTCAAAGCCTGTCGGAATTGGTTTTTAGTGAAAAGAACACGATATTCACGGTTTACCCACTTATAAACAAAAGATCGATACTTTTTGTAGTCCTTCTTTGAAATCAATGGTTGATGTCGTTCAAGAACAATCAATACAGAGTCTACACTTGGCTTAGGATGAAAATATAGTGGTGGTACTTTTTTGAGCATTTTTATATCCATCTCCACCATTAATAGTAAACCCAAAGCTCGTTGCAGATTTTGCAATCTTTTCGCAAATCCCTTCTCAACGATAAGATAGCTATATTTAGCCTGACTTTCAAAGGTAATTCTTTTGACAATATCCGTACTGATGTTATAAGGAATATTACCATATATCTTATAGTTTATATGTTTTGGGAAGGAAAATTTTAGAATATCCGTTTGAATCACTTTTATATTCTCAGAGGGGTTTACCGCTTCTTTAGTCACTTGACATAAGCCTCCATCAATTTCTATAGCAGTAACTGATCGACTCATTTTGACTAGCTCTTTGGTAAAATGTCCTTTTCCTGATCCGATTTCTATTACGTTGTCTTGTTTACTGATATTCGTGTGATTCAATATTTCTTTTACATGCTTTTTAGAAGTAATAAAATTTTGCGTGTCTTTAGGGTTTTTCTGGTTCATTATAACCTTCTCCTTACTGGTTCATTATAACCTTCTCCTTACTGGTTATAATGAACTGACATTAAGCGTTCATTATAACCAATTAATTTTGATTTGGTTGATAACGAACTTTATTAATAACAAATATAGAAAAAGTACCCATA,2783,,,hypothetical protein,456,11,466,,12.603822917195512,,
extracted1,TAACAACGGGATGCCCCAGCATATTGTGCAGAAATTTTTGGGGCATGAAAGCCCAGAAATGACAAGCAGATACGCTCATATCTTTGATGAAACTCTAAAAAATGAATTTACTAAATTTCAGGAAAAACTGGTTACCAATAATGGAGATGTGCTTGATCTAGATGAAGATAATGAAGTCGATGATGTAGAGCTTCAATGGTTCAAGAAAAATATAAATGCACAAGTGCTTCCAAATGGTTATTGTAGATTGCCAGTAGTAGCAGGTGGTTGTCCACATGCGAATGCATGCTTAGATTGCACTCACTTCTGTACCAGTAAGCAATTCTTACCACAGCACGAAGAACAGTTAGAGCGTACAGAAGAGTTATTAGCCATAGCTAAGGATAAACAATGGCAAAGACAAGTAGAGACTAATAGCCGTGTTAAAGAGCGTTTAGAACAAATCATTGGAAGTTTGACGGGGTAATTATCAATGGATAAACAAGTTAGAAATACAACAGAAATTGTACGTTTGGCGAAGCAGAAATCAAAAAAGACAAGGGAAAAAGTAGACAAAGCGATTTCTAAATTTTCGATTGAAGGTAAAGTTATTAATTTTAATTCAATAGCAAAGGAAGCTAATGTTTCTAAATCATGGCTTTATAAGGAACACGATATTAGGCAAAGAATCGAATCCCTTCGTGAGCGTCAAATAACAGCAAATGTAGTCTCAAAACCCAAGAAAAGTTCTCGTTCGGAGGAAATCCTTATTAAAACCTTAAAAAGAAGAGTAATGGAATTAGAAAAAGAAAATAAAAAATTACAGAACCAAATTCAAAAATTATATGGAGATCTGTATAATAAAGAATAATTATTAATCTGTAGACAAATTGTGAAAGGATGTACTTAAACGCTAACGGTCAGCTTTATTGAACAGTAATTTAAGTATATGTCCAATCTAGGGTAAGTAAATTGAGTATCAATATAAACTTTATATGAACATAATCAACGAGGTGAAATCatgagcaatttgattaacggaaaaataccaaatcaagcgattcaaacattaaaaatcgtaaaagatttatttggaagttcaatagttggagtatatctatttggttcagcagtaaatggtggtttacgcattaacagcgatgtagatgttctagtcgtcgtgaatcatagtttacctcaattaactcgaaaaaaactaacagaaagactaatgactatatcaggaaagattggaaatacggattctgttagaccacttgaagttacggttataaataggagtgaagttgtcccttggcaatatcctccaaaaagagaatttatatacggtgagtggctcaggggtgaatttgagaatggacaaattcaggaaccaagctatgatcctgatttggctattgttttagcacaagcaagaaagaatagtatttctctatttggtcctgattcttcaagtatacttgtctccgtacctttgacagatattcgaagagcaattaaggattctttgccagaactaattgaggggataaaaggtgatgagcgtaatgtaattttaaccctagctcgaatgtggcaaacagtgactactggtgaaattacctcgaaagatgtcgctgcagaatgggctatacctcttttacctaaagagcatgtaactttactggatatagctagaaaaggctatcggggagagtgtgatgataagtgggaaggactatattcaaaggtgaaagcactcgttaagtatatgaaaaattctatagaaacttctctcaattagGCTAATTTTATTGCAATAACAGGTGCTTACTTTTAAAACTACTGATTTATTGATAAATATTGAACAATTTTTGGGAAGAATAAAGCGTCCTCTTGTGAAATTAGAGAACGCTTTATTACTTTAATTTAGTGAAACAATTTGTAACTATTGAAAATAGAAAGAAATTGTTCCTTCGATAGTTTATTAATATTAGTGACATTTGCATGCTTCAAAGCCTGTCGGAATTGGTTTTTAGTGAAAAGAACACGATATTCACGGTTTACCCACTTATAAACAAAAGATCGATACTTTTTGTAGTCCTTCTTTGAAATCAATGGTTGATGTCGTTCAAGAACAATCAATACAGAGTCTACACTTGGCTTAGGATGAAAATATAGTGGTGGTACTTTTTTGAGCATTTTTATATCCATCTCCACCATTAATAGTAAACCCAAAGCTCGTTGCAGATTTTGCAATCTTTTCGCAAATCCCTTCTCAACGATAAGATAGCTATATTTAGCCTGACTTTCAAAGGTAATTCTTTTGACAATATCCGTACTGATGTTATAAGGAATATTACCATATATCTTATAGTTTATATGTTTTGGGAAGGAAAATTTTAGAATATCCGTTTGAATCACTTTTATATTCTCAGAGGGGTTTACCGCTTCTTTAGTCACTTGACATAAGCCTCCATCAATTTCTATAGCAGTAACTGATCGACTCATTTTGACTAGCTCTTTGGTAAAATGTCCTTTTCCTGATCCGATTTCTATTACGTTGTCTTGTTTACTGATATTCGTGTGATTCAATATTTCTTTTACATGCTTTTTAGAAGTAATAAAATTTTGCGTGTCTTTAGGGTTTTTCTGGTTCATTATAACCTTCTCCTTACTGGTTCATTATAACCTTCTCCTTACTGGTTATAATGAACTGACATTAAGCGTTCATTATAACCAATTAATTTTGATTTGGTTGATAACGAACTTTATTAATAACAAATATAGAAAAAGTACCCATA,2783,,,hypothetical protein,378,473,850,,12.603822917195512,,
extracted1,TAACAACGGGATGCCCCAGCATATTGTGCAGAAATTTTTGGGGCATGAAAGCCCAGAAATGACAAGCAGATACGCTCATATCTTTGATGAAACTCTAAAAAATGAATTTACTAAATTTCAGGAAAAACTGGTTACCAATAATGGAGATGTGCTTGATCTAGATGAAGATAATGAAGTCGATGATGTAGAGCTTCAATGGTTCAAGAAAAATATAAATGCACAAGTGCTTCCAAATGGTTATTGTAGATTGCCAGTAGTAGCAGGTGGTTGTCCACATGCGAATGCATGCTTAGATTGCACTCACTTCTGTACCAGTAAGCAATTCTTACCACAGCACGAAGAACAGTTAGAGCGTACAGAAGAGTTATTAGCCATAGCTAAGGATAAACAATGGCAAAGACAAGTAGAGACTAATAGCCGTGTTAAAGAGCGTTTAGAACAAATCATTGGAAGTTTGACGGGGTAATTATCAATGGATAAACAAGTTAGAAATACAACAGAAATTGTACGTTTGGCGAAGCAGAAATCAAAAAAGACAAGGGAAAAAGTAGACAAAGCGATTTCTAAATTTTCGATTGAAGGTAAAGTTATTAATTTTAATTCAATAGCAAAGGAAGCTAATGTTTCTAAATCATGGCTTTATAAGGAACACGATATTAGGCAAAGAATCGAATCCCTTCGTGAGCGTCAAATAACAGCAAATGTAGTCTCAAAACCCAAGAAAAGTTCTCGTTCGGAGGAAATCCTTATTAAAACCTTAAAAAGAAGAGTAATGGAATTAGAAAAAGAAAATAAAAAATTACAGAACCAAATTCAAAAATTATATGGAGATCTGTATAATAAAGAATAATTATTAATCTGTAGACAAATTGTGAAAGGATGTACTTAAACGCTAACGGTCAGCTTTATTGAACAGTAATTTAAGTATATGTCCAATCTAGGGTAAGTAAATTGAGTATCAATATAAACTTTATATGAACATAATCAACGAGGTGAAATCatgagcaatttgattaacggaaaaataccaaatcaagcgattcaaacattaaaaatcgtaaaagatttatttggaagttcaatagttggagtatatctatttggttcagcagtaaatggtggtttacgcattaacagcgatgtagatgttctagtcgtcgtgaatcatagtttacctcaattaactcgaaaaaaactaacagaaagactaatgactatatcaggaaagattggaaatacggattctgttagaccacttgaagttacggttataaataggagtgaagttgtcccttggcaatatcctccaaaaagagaatttatatacggtgagtggctcaggggtgaatttgagaatggacaaattcaggaaccaagctatgatcctgatttggctattgttttagcacaagcaagaaagaatagtatttctctatttggtcctgattcttcaagtatacttgtctccgtacctttgacagatattcgaagagcaattaaggattctttgccagaactaattgaggggataaaaggtgatgagcgtaatgtaattttaaccctagctcgaatgtggcaaacagtgactactggtgaaattacctcgaaagatgtcgctgcagaatgggctatacctcttttacctaaagagcatgtaactttactggatatagctagaaaaggctatcggggagagtgtgatgataagtgggaaggactatattcaaaggtgaaagcactcgttaagtatatgaaaaattctatagaaacttctctcaattagGCTAATTTTATTGCAATAACAGGTGCTTACTTTTAAAACTACTGATTTATTGATAAATATTGAACAATTTTTGGGAAGAATAAAGCGTCCTCTTGTGAAATTAGAGAACGCTTTATTACTTTAATTTAGTGAAACAATTTGTAACTATTGAAAATAGAAAGAAATTGTTCCTTCGATAGTTTATTAATATTAGTGACATTTGCATGCTTCAAAGCCTGTCGGAATTGGTTTTTAGTGAAAAGAACACGATATTCACGGTTTACCCACTTATAAACAAAAGATCGATACTTTTTGTAGTCCTTCTTTGAAATCAATGGTTGATGTCGTTCAAGAACAATCAATACAGAGTCTACACTTGGCTTAGGATGAAAATATAGTGGTGGTACTTTTTTGAGCATTTTTATATCCATCTCCACCATTAATAGTAAACCCAAAGCTCGTTGCAGATTTTGCAATCTTTTCGCAAATCCCTTCTCAACGATAAGATAGCTATATTTAGCCTGACTTTCAAAGGTAATTCTTTTGACAATATCCGTACTGATGTTATAAGGAATATTACCATATATCTTATAGTTTATATGTTTTGGGAAGGAAAATTTTAGAATATCCGTTTGAATCACTTTTATATTCTCAGAGGGGTTTACCGCTTCTTTAGTCACTTGACATAAGCCTCCATCAATTTCTATAGCAGTAACTGATCGACTCATTTTGACTAGCTCTTTGGTAAAATGTCCTTTTCCTGATCCGATTTCTATTACGTTGTCTTGTTTACTGATATTCGTGTGATTCAATATTTCTTTTACATGCTTTTTAGAAGTAATAAAATTTTGCGTGTCTTTAGGGTTTTTCTGGTTCATTATAACCTTCTCCTTACTGGTTCATTATAACCTTCTCCTTACTGGTTATAATGAACTGACATTAAGCGTTCATTATAACCAATTAATTTTGATTTGGTTGATAACGAACTTTATTAATAACAAATATAGAAAAAGTACCCATA,2783,ANT(9)-Ia,ant1,Streptomycin 3''-adenylyltransferase,783,1001,1783,Perfect,12.603822917195512,ANT(9),yes
extracted1,TAACAACGGGATGCCCCAGCATATTGTGCAGAAATTTTTGGGGCATGAAAGCCCAGAAATGACAAGCAGATACGCTCATATCTTTGATGAAACTCTAAAAAATGAATTTACTAAATTTCAGGAAAAACTGGTTACCAATAATGGAGATGTGCTTGATCTAGATGAAGATAATGAAGTCGATGATGTAGAGCTTCAATGGTTCAAGAAAAATATAAATGCACAAGTGCTTCCAAATGGTTATTGTAGATTGCCAGTAGTAGCAGGTGGTTGTCCACATGCGAATGCATGCTTAGATTGCACTCACTTCTGTACCAGTAAGCAATTCTTACCACAGCACGAAGAACAGTTAGAGCGTACAGAAGAGTTATTAGCCATAGCTAAGGATAAACAATGGCAAAGACAAGTAGAGACTAATAGCCGTGTTAAAGAGCGTTTAGAACAAATCATTGGAAGTTTGACGGGGTAATTATCAATGGATAAACAAGTTAGAAATACAACAGAAATTGTACGTTTGGCGAAGCAGAAATCAAAAAAGACAAGGGAAAAAGTAGACAAAGCGATTTCTAAATTTTCGATTGAAGGTAAAGTTATTAATTTTAATTCAATAGCAAAGGAAGCTAATGTTTCTAAATCATGGCTTTATAAGGAACACGATATTAGGCAAAGAATCGAATCCCTTCGTGAGCGTCAAATAACAGCAAATGTAGTCTCAAAACCCAAGAAAAGTTCTCGTTCGGAGGAAATCCTTATTAAAACCTTAAAAAGAAGAGTAATGGAATTAGAAAAAGAAAATAAAAAATTACAGAACCAAATTCAAAAATTATATGGAGATCTGTATAATAAAGAATAATTATTAATCTGTAGACAAATTGTGAAAGGATGTACTTAAACGCTAACGGTCAGCTTTATTGAACAGTAATTTAAGTATATGTCCAATCTAGGGTAAGTAAATTGAGTATCAATATAAACTTTATATGAACATAATCAACGAGGTGAAATCatgagcaatttgattaacggaaaaataccaaatcaagcgattcaaacattaaaaatcgtaaaagatttatttggaagttcaatagttggagtatatctatttggttcagcagtaaatggtggtttacgcattaacagcgatgtagatgttctagtcgtcgtgaatcatagtttacctcaattaactcgaaaaaaactaacagaaagactaatgactatatcaggaaagattggaaatacggattctgttagaccacttgaagttacggttataaataggagtgaagttgtcccttggcaatatcctccaaaaagagaatttatatacggtgagtggctcaggggtgaatttgagaatggacaaattcaggaaccaagctatgatcctgatttggctattgttttagcacaagcaagaaagaatagtatttctctatttggtcctgattcttcaagtatacttgtctccgtacctttgacagatattcgaagagcaattaaggattctttgccagaactaattgaggggataaaaggtgatgagcgtaatgtaattttaaccctagctcgaatgtggcaaacagtgactactggtgaaattacctcgaaagatgtcgctgcagaatgggctatacctcttttacctaaagagcatgtaactttactggatatagctagaaaaggctatcggggagagtgtgatgataagtgggaaggactatattcaaaggtgaaagcactcgttaagtatatgaaaaattctatagaaacttctctcaattagGCTAATTTTATTGCAATAACAGGTGCTTACTTTTAAAACTACTGATTTATTGATAAATATTGAACAATTTTTGGGAAGAATAAAGCGTCCTCTTGTGAAATTAGAGAACGCTTTATTACTTTAATTTAGTGAAACAATTTGTAACTATTGAAAATAGAAAGAAATTGTTCCTTCGATAGTTTATTAATATTAGTGACATTTGCATGCTTCAAAGCCTGTCGGAATTGGTTTTTAGTGAAAAGAACACGATATTCACGGTTTACCCACTTATAAACAAAAGATCGATACTTTTTGTAGTCCTTCTTTGAAATCAATGGTTGATGTCGTTCAAGAACAATCAATACAGAGTCTACACTTGGCTTAGGATGAAAATATAGTGGTGGTACTTTTTTGAGCATTTTTATATCCATCTCCACCATTAATAGTAAACCCAAAGCTCGTTGCAGATTTTGCAATCTTTTCGCAAATCCCTTCTCAACGATAAGATAGCTATATTTAGCCTGACTTTCAAAGGTAATTCTTTTGACAATATCCGTACTGATGTTATAAGGAATATTACCATATATCTTATAGTTTATATGTTTTGGGAAGGAAAATTTTAGAATATCCGTTTGAATCACTTTTATATTCTCAGAGGGGTTTACCGCTTCTTTAGTCACTTGACATAAGCCTCCATCAATTTCTATAGCAGTAACTGATCGACTCATTTTGACTAGCTCTTTGGTAAAATGTCCTTTTCCTGATCCGATTTCTATTACGTTGTCTTGTTTACTGATATTCGTGTGATTCAATATTTCTTTTACATGCTTTTTAGAAGTAATAAAATTTTGCGTGTCTTTAGGGTTTTTCTGGTTCATTATAACCTTCTCCTTACTGGTTCATTATAACCTTCTCCTTACTGGTTATAATGAACTGACATTAAGCGTTCATTATAACCAATTAATTTTGATTTGGTTGATAACGAACTTTATTAATAACAAATATAGAAAAAGTACCCATA,2783,ErmA,ermA1,rRNA adenine N-6-methyltransferase,732,2640,1909,Perfect,12.603822917195512,Erm 23S ribosomal RNA methyltransferase,
