{
    "genome": {
        "genus": null,
        "species": null,
        "strain": null,
        "complete": false,
        "gram": "?",
        "translation_table": 11
    },
    "stats": {
        "no_sequences": 1,
        "size": 3440,
        "gc": 0.29011627906976745,
        "n_ratio": 0.0,
        "n50": 3440,
        "coding_ratio": 0.548546511627907
    },
    "features": [
        {
            "type": "cds",
            "contig": "contig_1",
            "start": 554,
            "stop": 1000,
            "strand": "+",
            "gene": null,
            "product": "N-acetyltransferase domain-containing protein",
            "start_type": "ATG",
            "rbs_motif": null,
            "db_xrefs": [
                "SO:0001217",
                "UniRef:UniRef50_Q7WTB9"
            ],
            "frame": 2,
            "aa": "MVKTLYSILHRSLDLTEFMEEVLIDDNMVFDIDNLKGFLNDTSSFGFIAKENNKIIGFAYCYTLLRPDGKTMFYLHSIGMLPNYQDKGYGSKLLSFIKEYSKEIGCSEMFLITDKGNPRACHVYEKLGGKNDYKDEIVYVYDYEKGDK",
            "aa_hexdigest": "d454554ca51236f50f79e4a41f8ce178",
            "nt": "ATGGTAAAAACATTGTATAGCATTTTACACAGGAGTCTGGACTTGACTGAGTTTATGGAAGAAGTTTTAATTGATGATAATATGGTTTTTGATATTGATAATTTAAAAGGATTTCTTAATGATACCAGTTCATTTGGGTTTATAGCTAAAGAAAATAATAAAATTATAGGATTTGCATATTGCTATACACTTTTAAGACCTGATGGAAAAACAATGTTTTATTTACACTCAATAGGAATGTTACCTAACTATCAAGACAAAGGTTATGGTTCAAAATTATTATCTTTTATTAAGGAATATTCTAAAGAGATTGGTTGTTCTGAAATGTTTTTAATAACTGATAAAGGTAATCCTAGAGCTTGCCATGTATATGAAAAATTAGGTGGTAAAAATGATTATAAAGATGAAATAGTATATGTATATGATTATGAAAAAGGTGATAAATAA",
            "pscc": {
                "uniref50_id": "UniRef50_Q7WTB9",
                "db_xrefs": [
                    "SO:0001217",
                    "UniRef:UniRef50_Q7WTB9"
                ],
                "product": "N-acetyltransferase domain-containing protein"
            },
            "genes": [],
            "id": "FKBKAJFLFC_1",
            "locus": "FKBKAJ_00005"
        },
        {
            "type": "cds",
            "contig": "contig_1",
            "start": 1001,
            "stop": 2440,
            "strand": "+",
            "gene": "aac(6')-Ie",
            "product": "bifunctional aminoglycoside N-acetyltransferase AAC(6')-Ie/aminoglycoside O-phosphotransferase APH(2'')-Ia",
            "start_type": "ATG",
            "rbs_motif": "GGA/GAG/AGG",
            "db_xrefs": [
                "NCBIProtein:WP_001028144.1",
                "SO:0001217",
                "UniRef:UniRef50_P0A0C2"
            ],
            "frame": 2,
            "aa": "MNIVENEICIRTLIDDDFPLMLKWLTDERVLEFYGGRDKKYTLESLKKHYTEPWEDEVFRVIIEYNNVPIGYGQIYKMYDELYTDYHYPKTDEIVYGMDQFIGEPNYWSKGIGTRYIKLIFEFLKKERNANAVILDPHKNNPRAIRAYQKSGFRIIEDLPEHELHEGKKEDCYLMEYRYDDNATNVKAMKYLIEHYFDNFKVDSIEIIGSGYDSVAYLVNNEYIFKTKFSTNKKKGYAKEKAIYNFLNTNLETNVKIPNIEYSYISDELSILGYKEIKGTFLTPEIYSTMSEEEQNLLKRDIASFLRQMHGLDYTDISECTIDNKQNVLEEYILLRETIYNDLTDIEKDYIESFMERLNATTVFEGKKCLCHNDFSCNHLLLDGNNRLTGIIDFGDSGIIDEYCDFIYLLEDSEEEIGTNFGEDILRMYGNIDIEKAKEYQDIVEEYYPIETIVYGIKNIKQEFIENGRKEIYKRTYKD",
            "aa_hexdigest": "fd2a1e4266c3617f087b8f2bca65e616",
            "nt": "ATGAATATAGTTGAAAATGAAATATGTATAAGAACTTTAATAGATGATGATTTTCCTTTGATGTTAAAATGGTTAACTGATGAAAGAGTATTAGAATTTTATGGTGGTAGAGATAAAAAATATACATTAGAATCATTAAAAAAACATTATACAGAGCCTTGGGAAGATGAAGTTTTTAGAGTAATTATTGAATATAACAATGTTCCTATTGGATATGGACAAATATATAAAATGTATGATGAGTTATATACTGATTATCATTATCCAAAAACTGATGAGATAGTCTATGGTATGGATCAATTTATAGGAGAGCCAAATTATTGGAGTAAAGGAATTGGTACAAGATATATTAAATTGATTTTTGAATTTTTGAAAAAAGAAAGAAATGCTAATGCAGTTATTTTAGACCCTCATAAAAATAATCCAAGAGCAATAAGGGCATACCAAAAATCTGGTTTTAGAATTATTGAAGATTTGCCAGAACATGAATTACACGAGGGCAAAAAAGAAGATTGTTATTTAATGGAATATAGATATGATGATAATGCCACAAATGTTAAGGCAATGAAATATTTAATTGAGCATTACTTTGATAATTTCAAAGTAGATAGTATTGAAATAATCGGTAGTGGTTATGATAGTGTGGCATATTTAGTTAATAATGAATACATTTTTAAAACAAAATTTAGTACTAATAAGAAAAAAGGTTATGCAAAAGAAAAAGCAATATATAATTTTTTAAATACAAATTTAGAAACTAATGTAAAAATTCCTAATATTGAATATTCGTATATTAGTGATGAATTATCTATACTAGGTTATAAAGAAATTAAAGGAACTTTTTTAACACCAGAAATTTATTCTACTATGTCAGAAGAAGAACAAAATTTGTTAAAACGAGATATTGCCAGTTTTTTAAGACAAATGCACGGTTTAGATTATACAGATATTAGTGAATGTACTATTGATAATAAACAAAATGTATTAGAAGAGTATATATTGTTGCGTGAAACTATTTATAATGATTTAACTGATATAGAAAAAGATTATATAGAAAGTTTTATGGAAAGACTAAATGCAACAACAGTTTTTGAGGGTAAAAAGTGTTTATGCCATAATGATTTTAGTTGTAATCATCTATTGTTAGATGGCAATAATAGATTAACTGGAATAATTGATTTTGGAGATTCTGGAATTATAGATGAATATTGTGATTTTATATACTTACTTGAAGATAGTGAAGAAGAAATAGGAACAAATTTTGGAGAAGATATATTAAGAATGTATGGAAATATAGATATTGAGAAAGCAAAAGAATATCAAGATATAGTTGAAGAATATTATCCTATTGAAACTATTGTTTATGGAATTAAAAATATTAAACAGGAATTTATCGAAAATGGTAGAAAAGAAATTTATAAAAGGACTTATAAAGATTGA",
            "pscc": {
                "uniref50_id": "UniRef50_P0A0C2",
                "db_xrefs": [
                    "SO:0001217",
                    "UniRef:UniRef50_P0A0C2"
                ],
                "product": "Bifunctional AAC/APH"
            },
            "expert": [
                {
                    "type": "amrfinder",
                    "rank": 95,
                    "gene": "aac(6')-Ie/aph(2'')-Ia",
                    "product": "bifunctional aminoglycoside N-acetyltransferase AAC(6')-Ie/aminoglycoside O-phosphotransferase APH(2'')-Ia",
                    "method": "EXACTP",
                    "query_cov": 1.0,
                    "model_cov": 1.0,
                    "identity": 1.0,
                    "id": "WP_001028144.1",
                    "db_xrefs": [
                        "NCBIProtein:WP_001028144.1"
                    ]
                }
            ],
            "genes": [
                "aac(6')-Ie",
                "aph(2'')-Ia"
            ],
            "id": "FKBKAJFLFC_2",
            "locus": "FKBKAJ_00010"
        }
    ],
    "sequences": [
        {
            "id": "contig_1",
            "description": "[gcode=11] [topology=linear]",
            "sequence": "AAAATACACTCAAAGGCATTGAATGTATTTACGCTCTATATAAAAAGAACCGCAGATCTCTTCAGATCTACGGATTTTCGCCATGCCACGAAATTAGGGATATGTTAGCCAGTTAAGGGAACAACGACATGATAAAATGGTAGTTAGCTATATTTTTCTAACTTTGCAACAGAACCCCTAAAAAAAATTCAAAATCTTTCAGAGAAGCTGTTAAAGGAATTTTTAAGTTCACAGATATTAACTTAGCGCGTGAGGCTAAAAATCGATTGATTCATGATTATATCGATCAACCAAAATATTCAAAAGCTTGCGCATCATTGGATGATGGATTCGAAGACGCCTTTCAATATACCGTACAAGGAAATTCCCACAATCGACTAAAGAGTACCAATCTAATTGAACGACTGAATCAAGAAGTACGCAGAAGAGAAAAGATTATTCGCATCTTCCCCAATCAAACATCAGCCAATCGCTTAATTGGAGCCGTTCTTATGGACCTACATGATGAATGGATTTATTCTTCAAGAAAATACATCAATTTTGATAAGTAGAAATGGTAAAAACATTGTATAGCATTTTACACAGGAGTCTGGACTTGACTGAGTTTATGGAAGAAGTTTTAATTGATGATAATATGGTTTTTGATATTGATAATTTAAAAGGATTTCTTAATGATACCAGTTCATTTGGGTTTATAGCTAAAGAAAATAATAAAATTATAGGATTTGCATATTGCTATACACTTTTAAGACCTGATGGAAAAACAATGTTTTATTTACACTCAATAGGAATGTTACCTAACTATCAAGACAAAGGTTATGGTTCAAAATTATTATCTTTTATTAAGGAATATTCTAAAGAGATTGGTTGTTCTGAAATGTTTTTAATAACTGATAAAGGTAATCCTAGAGCTTGCCATGTATATGAAAAATTAGGTGGTAAAAATGATTATAAAGATGAAATAGTATATGTATATGATTATGAAAAAGGTGATAAATAAATGAATATAGTTGAAAATGAAATATGTATAAGAACTTTAATAGATGATGATTTTCCTTTGATGTTAAAATGGTTAACTGATGAAAGAGTATTAGAATTTTATGGTGGTAGAGATAAAAAATATACATTAGAATCATTAAAAAAACATTATACAGAGCCTTGGGAAGATGAAGTTTTTAGAGTAATTATTGAATATAACAATGTTCCTATTGGATATGGACAAATATATAAAATGTATGATGAGTTATATACTGATTATCATTATCCAAAAACTGATGAGATAGTCTATGGTATGGATCAATTTATAGGAGAGCCAAATTATTGGAGTAAAGGAATTGGTACAAGATATATTAAATTGATTTTTGAATTTTTGAAAAAAGAAAGAAATGCTAATGCAGTTATTTTAGACCCTCATAAAAATAATCCAAGAGCAATAAGGGCATACCAAAAATCTGGTTTTAGAATTATTGAAGATTTGCCAGAACATGAATTACACGAGGGCAAAAAAGAAGATTGTTATTTAATGGAATATAGATATGATGATAATGCCACAAATGTTAAGGCAATGAAATATTTAATTGAGCATTACTTTGATAATTTCAAAGTAGATAGTATTGAAATAATCGGTAGTGGTTATGATAGTGTGGCATATTTAGTTAATAATGAATACATTTTTAAAACAAAATTTAGTACTAATAAGAAAAAAGGTTATGCAAAAGAAAAAGCAATATATAATTTTTTAAATACAAATTTAGAAACTAATGTAAAAATTCCTAATATTGAATATTCGTATATTAGTGATGAATTATCTATACTAGGTTATAAAGAAATTAAAGGAACTTTTTTAACACCAGAAATTTATTCTACTATGTCAGAAGAAGAACAAAATTTGTTAAAACGAGATATTGCCAGTTTTTTAAGACAAATGCACGGTTTAGATTATACAGATATTAGTGAATGTACTATTGATAATAAACAAAATGTATTAGAAGAGTATATATTGTTGCGTGAAACTATTTATAATGATTTAACTGATATAGAAAAAGATTATATAGAAAGTTTTATGGAAAGACTAAATGCAACAACAGTTTTTGAGGGTAAAAAGTGTTTATGCCATAATGATTTTAGTTGTAATCATCTATTGTTAGATGGCAATAATAGATTAACTGGAATAATTGATTTTGGAGATTCTGGAATTATAGATGAATATTGTGATTTTATATACTTACTTGAAGATAGTGAAGAAGAAATAGGAACAAATTTTGGAGAAGATATATTAAGAATGTATGGAAATATAGATATTGAGAAAGCAAAAGAATATCAAGATATAGTTGAAGAATATTATCCTATTGAAACTATTGTTTATGGAATTAAAAATATTAAACAGGAATTTATCGAAAATGGTAGAAAAGAAATTTATAAAAGGACTTATAAAGATTGATTATATAATATATGAAAAGCTATTATAAAAGACATTAGTATTAAATAGTTTAAAAAAATGAAAAATAATAAAGGAAGTGAGTCAAGTCCAGACTCCTGTGTAAAATGCTATACAATGTTTTTACCATTTCTACTTATCAAAATTGATGTATTTTCTTGAAGAATAAATCCATTCATCATGTAGGTCCATAAGAACGGCTCCAATTAAGCGATTGGCTGATGTTTGATTGGGGAAGATGCGAATAATCTTTTCTCTTCTGCGTACTTCTTGATTCAGTCGTTCAATTAGATTGGTACTCTTTAGTCGATTGTGGGAATTTCCTTGTACGGTATATTGAAAGGCGTCTTCGAATCCATCATCCAATGATGCGCAAGCTTTTGAATATTTTGGTTGATCGATATAATCATGAATCAATCGATTTTTAGCCTCACGCGCTAAGTTAATATCTGTGAACTTAAAAATTCCTTTAACAGCTTCTCTGAAAGATTTTGAATTTTTTTTAGGGGTTCTGTTGCAAAGTTAGAAAAATATAGCTAACTACCATTTTATCATGTCGTTGTTCCCTTAACTGGCTAACATATCCCTAATTTCGTGGCATGGCGAAAATCCGTAGATCTGAAGAGATCTGCGGTTCTTTTTATATAGAGCGTAAATACATTCAATGCCTTTGAGTGTATTTTTTGCCGTATTGATACTTTGATATCTTGTCTTTCTTACTTTAATATGACGGTGATCTTGCTCAATGAGGTTATTCAGATATTTCGATGTACAATGACAGTCAGGTTTAAGTTTAAAAGCTTTAATTACTTTAGCTATTGCTACTTTCGTTGAAGGTGCCTGATCTGTAATTACCTTTTGAGGTTTACCAAATTGTTTAATGAGACGTTTGATAAACGCATATGCTGAATGATTATCTCGTTGCTTACGCAACCAAATATCTAATGTATGTCCCTCTGCATCAATGGCACGATATAAATAGCTCCATTTTCCTTTTATTTTG",
            "length": 3440,
            "complete": false,
            "type": "contig",
            "topology": "linear",
            "simple_id": "contig_1",
            "orig_id": "sequence:",
            "orig_description": "sequence:"
        }
    ],
    "run": {
        "start": "2023-08-31 19:06:07",
        "end": "2023-08-31 19:06:17"
    },
    "version": {
        "bakta": "1.8.1",
        "db": {
            "version": "5.0",
            "type": "light"
        }
    }
}