sequence,node,coverage,start,end
1,49,39.346733668341706,0,120
1,57,29.934117647058823,121,545
1,519,10.88545362392296,546,999
1,519,10.88545362392296,1000,2439
1,519,10.88545362392296,2440,2573
1,57,29.934117647058823,2574,2998
1,49,39.346733668341706,2999,3197
1,39,55.94818652849741,3198,3390
1,23,27.133928571428573,3391,3439
