sequence,node,coverage,start,end
1,127,12.603822917195512,0,999
1,127,12.603822917195512,1000,1782
1,127,12.603822917195512,1783,2782
