sequence,node,coverage,start,end
1,127,12.603822917195512,0,999
1,127,12.603822917195512,1000,1731
1,127,12.603822917195512,1732,2731
