organism: Genus species strain 
contigs: 1
bases: 2783
CDS: 4
