# Annotated with Bakta
# Software: v1.8.1
# Database: v5.0, light
# DOI: 10.1099/mgen.0.000685
# URL: github.com/oschwengers/bakta
#Sequence Id	Type	Start	Stop	Strand	Locus Tag	Gene	Product	DbXrefs
contig_1	cds	11	466	+	KIGIOP_00005		hypothetical protein	
contig_1	cds	473	850	+	KIGIOP_00010		hypothetical protein	
contig_1	cds	1001	1783	+	KIGIOP_00015	ant(9)-Ia	aminoglycoside nucleotidyltransferase ANT(9)-Ia	NCBIProtein:WP_000067268.1, SO:0001217, UniRef:UniRef50_P0A0D0
contig_1	cds	1909	2640	-	KIGIOP_00020	erm(A)	23S rRNA (adenine(2058)-N(6))-methyltransferase Erm(A)	NCBIProtein:WP_001072201.1, SO:0001217, UniRef:UniRef50_P13956
