Sequence(s):
Length: 2783
Count: 1
GC: 33.6
N50: 2783
N ratio: 0.0
coding density: 84.4

Annotation:
tRNAs: 0
tmRNAs: 0
rRNAs: 0
ncRNAs: 0
ncRNA regions: 0
CRISPR arrays: 0
CDSs: 4
pseudogenes: 0
hypotheticals: 2
signal peptides: 0
sORFs: 0
gaps: 0
oriCs: 0
oriVs: 0
oriTs: 0

Bakta:
Software: v1.8.1
Database: v5.0, light
DOI: 10.1099/mgen.0.000685
URL: github.com/oschwengers/bakta
