{
    "genome": {
        "genus": null,
        "species": null,
        "strain": null,
        "complete": false,
        "gram": "?",
        "translation_table": 11
    },
    "stats": {
        "no_sequences": 1,
        "size": 2783,
        "gc": 0.3359683794466403,
        "n_ratio": 0.0,
        "n50": 2783,
        "coding_ratio": 0.8440531800215595
    },
    "features": [
        {
            "type": "cds",
            "contig": "contig_1",
            "start": 11,
            "stop": 466,
            "strand": "+",
            "gene": null,
            "product": "hypothetical protein",
            "start_type": "ATG",
            "rbs_motif": null,
            "db_xrefs": [],
            "frame": 2,
            "aa": "MPQHIVQKFLGHESPEMTSRYAHIFDETLKNEFTKFQEKLVTNNGDVLDLDEDNEVDDVELQWFKKNINAQVLPNGYCRLPVVAGGCPHANACLDCTHFCTSKQFLPQHEEQLERTEELLAIAKDKQWQRQVETNSRVKERLEQIIGSLTG",
            "aa_hexdigest": "44d0fbaace285a4bfb4d3820eb132f1f",
            "nt": "ATGCCCCAGCATATTGTGCAGAAATTTTTGGGGCATGAAAGCCCAGAAATGACAAGCAGATACGCTCATATCTTTGATGAAACTCTAAAAAATGAATTTACTAAATTTCAGGAAAAACTGGTTACCAATAATGGAGATGTGCTTGATCTAGATGAAGATAATGAAGTCGATGATGTAGAGCTTCAATGGTTCAAGAAAAATATAAATGCACAAGTGCTTCCAAATGGTTATTGTAGATTGCCAGTAGTAGCAGGTGGTTGTCCACATGCGAATGCATGCTTAGATTGCACTCACTTCTGTACCAGTAAGCAATTCTTACCACAGCACGAAGAACAGTTAGAGCGTACAGAAGAGTTATTAGCCATAGCTAAGGATAAACAATGGCAAAGACAAGTAGAGACTAATAGCCGTGTTAAAGAGCGTTTAGAACAAATCATTGGAAGTTTGACGGGGTAA",
            "hypothetical": true,
            "genes": [],
            "seq_stats": {
                "molecular_weight": 17425.398799999995,
                "isoelectric_point": 5.097514152526855
            },
            "id": "KIGIOPMKKF_1",
            "locus": "KIGIOP_00005"
        },
        {
            "type": "cds",
            "contig": "contig_1",
            "start": 473,
            "stop": 850,
            "strand": "+",
            "gene": null,
            "product": "hypothetical protein",
            "start_type": "ATG",
            "rbs_motif": null,
            "db_xrefs": [],
            "frame": 2,
            "aa": "MDKQVRNTTEIVRLAKQKSKKTREKVDKAISKFSIEGKVINFNSIAKEANVSKSWLYKEHDIRQRIESLRERQITANVVSKPKKSSRSEEILIKTLKRRVMELEKENKKLQNQIQKLYGDLYNKE",
            "aa_hexdigest": "5505404e69595126558614f905b553d0",
            "nt": "ATGGATAAACAAGTTAGAAATACAACAGAAATTGTACGTTTGGCGAAGCAGAAATCAAAAAAGACAAGGGAAAAAGTAGACAAAGCGATTTCTAAATTTTCGATTGAAGGTAAAGTTATTAATTTTAATTCAATAGCAAAGGAAGCTAATGTTTCTAAATCATGGCTTTATAAGGAACACGATATTAGGCAAAGAATCGAATCCCTTCGTGAGCGTCAAATAACAGCAAATGTAGTCTCAAAACCCAAGAAAAGTTCTCGTTCGGAGGAAATCCTTATTAAAACCTTAAAAAGAAGAGTAATGGAATTAGAAAAAGAAAATAAAAAATTACAGAACCAAATTCAAAAATTATATGGAGATCTGTATAATAAAGAATAA",
            "hypothetical": true,
            "genes": [],
            "seq_stats": {
                "molecular_weight": 14804.005199999989,
                "isoelectric_point": 10.096151924133299
            },
            "id": "KIGIOPMKKF_2",
            "locus": "KIGIOP_00010"
        },
        {
            "type": "cds",
            "contig": "contig_1",
            "start": 1001,
            "stop": 1783,
            "strand": "+",
            "gene": "ant(9)-Ia",
            "product": "aminoglycoside nucleotidyltransferase ANT(9)-Ia",
            "start_type": "ATG",
            "rbs_motif": "GGAG/GAGG",
            "db_xrefs": [
                "NCBIProtein:WP_000067268.1",
                "SO:0001217",
                "UniRef:UniRef50_P0A0D0"
            ],
            "frame": 2,
            "aa": "MSNLINGKIPNQAIQTLKIVKDLFGSSIVGVYLFGSAVNGGLRINSDVDVLVVVNHSLPQLTRKKLTERLMTISGKIGNTDSVRPLEVTVINRSEVVPWQYPPKREFIYGEWLRGEFENGQIQEPSYDPDLAIVLAQARKNSISLFGPDSSSILVSVPLTDIRRAIKDSLPELIEGIKGDERNVILTLARMWQTVTTGEITSKDVAAEWAIPLLPKEHVTLLDIARKGYRGECDDKWEGLYSKVKALVKYMKNSIETSLN",
            "aa_hexdigest": "3a005c5d9c3ea91391713fea7aede43a",
            "nt": "ATGAGCAATTTGATTAACGGAAAAATACCAAATCAAGCGATTCAAACATTAAAAATCGTAAAAGATTTATTTGGAAGTTCAATAGTTGGAGTATATCTATTTGGTTCAGCAGTAAATGGTGGTTTACGCATTAACAGCGATGTAGATGTTCTAGTCGTCGTGAATCATAGTTTACCTCAATTAACTCGAAAAAAACTAACAGAAAGACTAATGACTATATCAGGAAAGATTGGAAATACGGATTCTGTTAGACCACTTGAAGTTACGGTTATAAATAGGAGTGAAGTTGTCCCTTGGCAATATCCTCCAAAAAGAGAATTTATATACGGTGAGTGGCTCAGGGGTGAATTTGAGAATGGACAAATTCAGGAACCAAGCTATGATCCTGATTTGGCTATTGTTTTAGCACAAGCAAGAAAGAATAGTATTTCTCTATTTGGTCCTGATTCTTCAAGTATACTTGTCTCCGTACCTTTGACAGATATTCGAAGAGCAATTAAGGATTCTTTGCCAGAACTAATTGAGGGGATAAAAGGTGATGAGCGTAATGTAATTTTAACCCTAGCTCGAATGTGGCAAACAGTGACTACTGGTGAAATTACCTCGAAAGATGTCGCTGCAGAATGGGCTATACCTCTTTTACCTAAAGAGCATGTAACTTTACTGGATATAGCTAGAAAAGGCTATCGGGGAGAGTGTGATGATAAGTGGGAAGGACTATATTCAAAGGTGAAAGCACTCGTTAAGTATATGAAAAATTCTATAGAAACTTCTCTCAATTAG",
            "pscc": {
                "uniref50_id": "UniRef50_P0A0D0",
                "db_xrefs": [
                    "SO:0001217",
                    "UniRef:UniRef50_P0A0D0"
                ],
                "product": "Spectinomycin 9-adenylyltransferase"
            },
            "expert": [
                {
                    "type": "amrfinder",
                    "rank": 95,
                    "gene": "ant(9)-Ia",
                    "product": "aminoglycoside nucleotidyltransferase ANT(9)-Ia",
                    "method": "EXACTP",
                    "query_cov": 1.0,
                    "model_cov": 1.0,
                    "identity": 1.0,
                    "id": "WP_000067268.1",
                    "db_xrefs": [
                        "NCBIProtein:WP_000067268.1"
                    ]
                }
            ],
            "genes": [
                "ant(9)-Ia"
            ],
            "id": "KIGIOPMKKF_3",
            "locus": "KIGIOP_00015"
        },
        {
            "type": "cds",
            "contig": "contig_1",
            "start": 1909,
            "stop": 2640,
            "strand": "-",
            "gene": "erm(A)",
            "product": "23S rRNA (adenine(2058)-N(6))-methyltransferase Erm(A)",
            "start_type": "ATG",
            "rbs_motif": "AGGAG",
            "db_xrefs": [
                "NCBIProtein:WP_001072201.1",
                "SO:0001217",
                "UniRef:UniRef50_P13956"
            ],
            "frame": 3,
            "aa": "MNQKNPKDTQNFITSKKHVKEILNHTNISKQDNVIEIGSGKGHFTKELVKMSRSVTAIEIDGGLCQVTKEAVNPSENIKVIQTDILKFSFPKHINYKIYGNIPYNISTDIVKRITFESQAKYSYLIVEKGFAKRLQNLQRALGLLLMVEMDIKMLKKVPPLYFHPKPSVDSVLIVLERHQPLISKKDYKKYRSFVYKWVNREYRVLFTKNQFRQALKHANVTNINKLSKEQFLSIFNSYKLFH",
            "aa_hexdigest": "20f866e6fc43b00080af44b66fd77b12",
            "nt": "ATGAACCAGAAAAACCCTAAAGACACGCAAAATTTTATTACTTCTAAAAAGCATGTAAAAGAAATATTGAATCACACGAATATCAGTAAACAAGACAACGTAATAGAAATCGGATCAGGAAAAGGACATTTTACCAAAGAGCTAGTCAAAATGAGTCGATCAGTTACTGCTATAGAAATTGATGGAGGCTTATGTCAAGTGACTAAAGAAGCGGTAAACCCCTCTGAGAATATAAAAGTGATTCAAACGGATATTCTAAAATTTTCCTTCCCAAAACATATAAACTATAAGATATATGGTAATATTCCTTATAACATCAGTACGGATATTGTCAAAAGAATTACCTTTGAAAGTCAGGCTAAATATAGCTATCTTATCGTTGAGAAGGGATTTGCGAAAAGATTGCAAAATCTGCAACGAGCTTTGGGTTTACTATTAATGGTGGAGATGGATATAAAAATGCTCAAAAAAGTACCACCACTATATTTTCATCCTAAGCCAAGTGTAGACTCTGTATTGATTGTTCTTGAACGACATCAACCATTGATTTCAAAGAAGGACTACAAAAAGTATCGATCTTTTGTTTATAAGTGGGTAAACCGTGAATATCGTGTTCTTTTCACTAAAAACCAATTCCGACAGGCTTTGAAGCATGCAAATGTCACTAATATTAATAAACTATCGAAGGAACAATTTCTTTCTATTTTCAATAGTTACAAATTGTTTCACTAA",
            "pscc": {
                "uniref50_id": "UniRef50_P13956",
                "db_xrefs": [
                    "SO:0001217",
                    "UniRef:UniRef50_P13956"
                ],
                "product": "rRNA adenine N-6-methyltransferase"
            },
            "expert": [
                {
                    "type": "amrfinder",
                    "rank": 95,
                    "gene": "erm(A)",
                    "product": "23S rRNA (adenine(2058)-N(6))-methyltransferase Erm(A)",
                    "method": "EXACTP",
                    "query_cov": 1.0,
                    "model_cov": 1.0,
                    "identity": 1.0,
                    "id": "WP_001072201.1",
                    "db_xrefs": [
                        "NCBIProtein:WP_001072201.1"
                    ]
                }
            ],
            "genes": [
                "erm(A)"
            ],
            "id": "KIGIOPMKKF_4",
            "locus": "KIGIOP_00020"
        }
    ],
    "sequences": [
        {
            "id": "contig_1",
            "description": "[gcode=11] [topology=linear]",
            "sequence": "TAACAACGGGATGCCCCAGCATATTGTGCAGAAATTTTTGGGGCATGAAAGCCCAGAAATGACAAGCAGATACGCTCATATCTTTGATGAAACTCTAAAAAATGAATTTACTAAATTTCAGGAAAAACTGGTTACCAATAATGGAGATGTGCTTGATCTAGATGAAGATAATGAAGTCGATGATGTAGAGCTTCAATGGTTCAAGAAAAATATAAATGCACAAGTGCTTCCAAATGGTTATTGTAGATTGCCAGTAGTAGCAGGTGGTTGTCCACATGCGAATGCATGCTTAGATTGCACTCACTTCTGTACCAGTAAGCAATTCTTACCACAGCACGAAGAACAGTTAGAGCGTACAGAAGAGTTATTAGCCATAGCTAAGGATAAACAATGGCAAAGACAAGTAGAGACTAATAGCCGTGTTAAAGAGCGTTTAGAACAAATCATTGGAAGTTTGACGGGGTAATTATCAATGGATAAACAAGTTAGAAATACAACAGAAATTGTACGTTTGGCGAAGCAGAAATCAAAAAAGACAAGGGAAAAAGTAGACAAAGCGATTTCTAAATTTTCGATTGAAGGTAAAGTTATTAATTTTAATTCAATAGCAAAGGAAGCTAATGTTTCTAAATCATGGCTTTATAAGGAACACGATATTAGGCAAAGAATCGAATCCCTTCGTGAGCGTCAAATAACAGCAAATGTAGTCTCAAAACCCAAGAAAAGTTCTCGTTCGGAGGAAATCCTTATTAAAACCTTAAAAAGAAGAGTAATGGAATTAGAAAAAGAAAATAAAAAATTACAGAACCAAATTCAAAAATTATATGGAGATCTGTATAATAAAGAATAATTATTAATCTGTAGACAAATTGTGAAAGGATGTACTTAAACGCTAACGGTCAGCTTTATTGAACAGTAATTTAAGTATATGTCCAATCTAGGGTAAGTAAATTGAGTATCAATATAAACTTTATATGAACATAATCAACGAGGTGAAATCATGAGCAATTTGATTAACGGAAAAATACCAAATCAAGCGATTCAAACATTAAAAATCGTAAAAGATTTATTTGGAAGTTCAATAGTTGGAGTATATCTATTTGGTTCAGCAGTAAATGGTGGTTTACGCATTAACAGCGATGTAGATGTTCTAGTCGTCGTGAATCATAGTTTACCTCAATTAACTCGAAAAAAACTAACAGAAAGACTAATGACTATATCAGGAAAGATTGGAAATACGGATTCTGTTAGACCACTTGAAGTTACGGTTATAAATAGGAGTGAAGTTGTCCCTTGGCAATATCCTCCAAAAAGAGAATTTATATACGGTGAGTGGCTCAGGGGTGAATTTGAGAATGGACAAATTCAGGAACCAAGCTATGATCCTGATTTGGCTATTGTTTTAGCACAAGCAAGAAAGAATAGTATTTCTCTATTTGGTCCTGATTCTTCAAGTATACTTGTCTCCGTACCTTTGACAGATATTCGAAGAGCAATTAAGGATTCTTTGCCAGAACTAATTGAGGGGATAAAAGGTGATGAGCGTAATGTAATTTTAACCCTAGCTCGAATGTGGCAAACAGTGACTACTGGTGAAATTACCTCGAAAGATGTCGCTGCAGAATGGGCTATACCTCTTTTACCTAAAGAGCATGTAACTTTACTGGATATAGCTAGAAAAGGCTATCGGGGAGAGTGTGATGATAAGTGGGAAGGACTATATTCAAAGGTGAAAGCACTCGTTAAGTATATGAAAAATTCTATAGAAACTTCTCTCAATTAGGCTAATTTTATTGCAATAACAGGTGCTTACTTTTAAAACTACTGATTTATTGATAAATATTGAACAATTTTTGGGAAGAATAAAGCGTCCTCTTGTGAAATTAGAGAACGCTTTATTACTTTAATTTAGTGAAACAATTTGTAACTATTGAAAATAGAAAGAAATTGTTCCTTCGATAGTTTATTAATATTAGTGACATTTGCATGCTTCAAAGCCTGTCGGAATTGGTTTTTAGTGAAAAGAACACGATATTCACGGTTTACCCACTTATAAACAAAAGATCGATACTTTTTGTAGTCCTTCTTTGAAATCAATGGTTGATGTCGTTCAAGAACAATCAATACAGAGTCTACACTTGGCTTAGGATGAAAATATAGTGGTGGTACTTTTTTGAGCATTTTTATATCCATCTCCACCATTAATAGTAAACCCAAAGCTCGTTGCAGATTTTGCAATCTTTTCGCAAATCCCTTCTCAACGATAAGATAGCTATATTTAGCCTGACTTTCAAAGGTAATTCTTTTGACAATATCCGTACTGATGTTATAAGGAATATTACCATATATCTTATAGTTTATATGTTTTGGGAAGGAAAATTTTAGAATATCCGTTTGAATCACTTTTATATTCTCAGAGGGGTTTACCGCTTCTTTAGTCACTTGACATAAGCCTCCATCAATTTCTATAGCAGTAACTGATCGACTCATTTTGACTAGCTCTTTGGTAAAATGTCCTTTTCCTGATCCGATTTCTATTACGTTGTCTTGTTTACTGATATTCGTGTGATTCAATATTTCTTTTACATGCTTTTTAGAAGTAATAAAATTTTGCGTGTCTTTAGGGTTTTTCTGGTTCATTATAACCTTCTCCTTACTGGTTCATTATAACCTTCTCCTTACTGGTTATAATGAACTGACATTAAGCGTTCATTATAACCAATTAATTTTGATTTGGTTGATAACGAACTTTATTAATAACAAATATAGAAAAAGTACCCATA",
            "length": 2783,
            "complete": false,
            "type": "contig",
            "topology": "linear",
            "simple_id": "contig_1",
            "orig_id": "sequence:",
            "orig_description": "sequence:"
        }
    ],
    "run": {
        "start": "2023-08-31 19:05:46",
        "end": "2023-08-31 19:06:00"
    },
    "version": {
        "bakta": "1.8.1",
        "db": {
            "version": "5.0",
            "type": "light"
        }
    }
}