Query	Path	Length	Query covered by path	Query covered by hits	Mean hit identity	Total hit mismatches	Total hit gap opens	Relative length	Length discrepancy	E-value product	Sequence
