{
    "genome": {
        "genus": null,
        "species": null,
        "strain": null,
        "complete": false,
        "gram": "?",
        "translation_table": 11
    },
    "stats": {
        "no_sequences": 1,
        "size": 2732,
        "gc": 0.33162518301610544,
        "n_ratio": 0.0,
        "n50": 2732,
        "coding_ratio": 0.5545387994143485
    },
    "features": [
        {
            "type": "cds",
            "contig": "contig_1",
            "start": 1001,
            "stop": 1732,
            "strand": "+",
            "gene": "erm(A)",
            "product": "23S rRNA (adenine(2058)-N(6))-methyltransferase Erm(A)",
            "start_type": "ATG",
            "rbs_motif": "AGGAG",
            "db_xrefs": [
                "NCBIProtein:WP_001072201.1",
                "SO:0001217",
                "UniRef:UniRef50_P13956"
            ],
            "frame": 2,
            "aa": "MNQKNPKDTQNFITSKKHVKEILNHTNISKQDNVIEIGSGKGHFTKELVKMSRSVTAIEIDGGLCQVTKEAVNPSENIKVIQTDILKFSFPKHINYKIYGNIPYNISTDIVKRITFESQAKYSYLIVEKGFAKRLQNLQRALGLLLMVEMDIKMLKKVPPLYFHPKPSVDSVLIVLERHQPLISKKDYKKYRSFVYKWVNREYRVLFTKNQFRQALKHANVTNINKLSKEQFLSIFNSYKLFH",
            "aa_hexdigest": "20f866e6fc43b00080af44b66fd77b12",
            "nt": "ATGAACCAGAAAAACCCTAAAGACACGCAAAATTTTATTACTTCTAAAAAGCATGTAAAAGAAATATTGAATCACACGAATATCAGTAAACAAGACAACGTAATAGAAATCGGATCAGGAAAAGGACATTTTACCAAAGAGCTAGTCAAAATGAGTCGATCAGTTACTGCTATAGAAATTGATGGAGGCTTATGTCAAGTGACTAAAGAAGCGGTAAACCCCTCTGAGAATATAAAAGTGATTCAAACGGATATTCTAAAATTTTCCTTCCCAAAACATATAAACTATAAGATATATGGTAATATTCCTTATAACATCAGTACGGATATTGTCAAAAGAATTACCTTTGAAAGTCAGGCTAAATATAGCTATCTTATCGTTGAGAAGGGATTTGCGAAAAGATTGCAAAATCTGCAACGAGCTTTGGGTTTACTATTAATGGTGGAGATGGATATAAAAATGCTCAAAAAAGTACCACCACTATATTTTCATCCTAAGCCAAGTGTAGACTCTGTATTGATTGTTCTTGAACGACATCAACCATTGATTTCAAAGAAGGACTACAAAAAGTATCGATCTTTTGTTTATAAGTGGGTAAACCGTGAATATCGTGTTCTTTTCACTAAAAACCAATTCCGACAGGCTTTGAAGCATGCAAATGTCACTAATATTAATAAACTATCGAAGGAACAATTTCTTTCTATTTTCAATAGTTACAAATTGTTTCACTAA",
            "pscc": {
                "uniref50_id": "UniRef50_P13956",
                "db_xrefs": [
                    "SO:0001217",
                    "UniRef:UniRef50_P13956"
                ],
                "product": "rRNA adenine N-6-methyltransferase"
            },
            "expert": [
                {
                    "type": "amrfinder",
                    "rank": 95,
                    "gene": "erm(A)",
                    "product": "23S rRNA (adenine(2058)-N(6))-methyltransferase Erm(A)",
                    "method": "EXACTP",
                    "query_cov": 1.0,
                    "model_cov": 1.0,
                    "identity": 1.0,
                    "id": "WP_001072201.1",
                    "db_xrefs": [
                        "NCBIProtein:WP_001072201.1"
                    ]
                }
            ],
            "genes": [
                "erm(A)"
            ],
            "id": "NFDPJFLBEB_1",
            "locus": "NFDPJF_00005"
        },
        {
            "type": "cds",
            "contig": "contig_1",
            "start": 1858,
            "stop": 2640,
            "strand": "-",
            "gene": "ant(9)-Ia",
            "product": "aminoglycoside nucleotidyltransferase ANT(9)-Ia",
            "start_type": "ATG",
            "rbs_motif": "GGAG/GAGG",
            "db_xrefs": [
                "NCBIProtein:WP_000067268.1",
                "SO:0001217",
                "UniRef:UniRef50_P0A0D0"
            ],
            "frame": 3,
            "aa": "MSNLINGKIPNQAIQTLKIVKDLFGSSIVGVYLFGSAVNGGLRINSDVDVLVVVNHSLPQLTRKKLTERLMTISGKIGNTDSVRPLEVTVINRSEVVPWQYPPKREFIYGEWLRGEFENGQIQEPSYDPDLAIVLAQARKNSISLFGPDSSSILVSVPLTDIRRAIKDSLPELIEGIKGDERNVILTLARMWQTVTTGEITSKDVAAEWAIPLLPKEHVTLLDIARKGYRGECDDKWEGLYSKVKALVKYMKNSIETSLN",
            "aa_hexdigest": "3a005c5d9c3ea91391713fea7aede43a",
            "nt": "ATGAGCAATTTGATTAACGGAAAAATACCAAATCAAGCGATTCAAACATTAAAAATCGTAAAAGATTTATTTGGAAGTTCAATAGTTGGAGTATATCTATTTGGTTCAGCAGTAAATGGTGGTTTACGCATTAACAGCGATGTAGATGTTCTAGTCGTCGTGAATCATAGTTTACCTCAATTAACTCGAAAAAAACTAACAGAAAGACTAATGACTATATCAGGAAAGATTGGAAATACGGATTCTGTTAGACCACTTGAAGTTACGGTTATAAATAGGAGTGAAGTTGTCCCTTGGCAATATCCTCCAAAAAGAGAATTTATATACGGTGAGTGGCTCAGGGGTGAATTTGAGAATGGACAAATTCAGGAACCAAGCTATGATCCTGATTTGGCTATTGTTTTAGCACAAGCAAGAAAGAATAGTATTTCTCTATTTGGTCCTGATTCTTCAAGTATACTTGTCTCCGTACCTTTGACAGATATTCGAAGAGCAATTAAGGATTCTTTGCCAGAACTAATTGAGGGGATAAAAGGTGATGAGCGTAATGTAATTTTAACCCTAGCTCGAATGTGGCAAACAGTGACTACTGGTGAAATTACCTCGAAAGATGTCGCTGCAGAATGGGCTATACCTCTTTTACCTAAAGAGCATGTAACTTTACTGGATATAGCTAGAAAAGGCTATCGGGGAGAGTGTGATGATAAGTGGGAAGGACTATATTCAAAGGTGAAAGCACTCGTTAAGTATATGAAAAATTCTATAGAAACTTCTCTCAATTAG",
            "pscc": {
                "uniref50_id": "UniRef50_P0A0D0",
                "db_xrefs": [
                    "SO:0001217",
                    "UniRef:UniRef50_P0A0D0"
                ],
                "product": "Spectinomycin 9-adenylyltransferase"
            },
            "expert": [
                {
                    "type": "amrfinder",
                    "rank": 95,
                    "gene": "ant(9)-Ia",
                    "product": "aminoglycoside nucleotidyltransferase ANT(9)-Ia",
                    "method": "EXACTP",
                    "query_cov": 1.0,
                    "model_cov": 1.0,
                    "identity": 1.0,
                    "id": "WP_000067268.1",
                    "db_xrefs": [
                        "NCBIProtein:WP_000067268.1"
                    ]
                }
            ],
            "genes": [
                "ant(9)-Ia"
            ],
            "id": "NFDPJFLBEB_2",
            "locus": "NFDPJF_00010"
        }
    ],
    "sequences": [
        {
            "id": "contig_1",
            "description": "[gcode=11] [topology=linear]",
            "sequence": "AAAAACTCTTGGATTGCCCCTAATTTATAAACATAGGTAGGCGGTGTCTCGACTTCAGATACATTATCAAGAATAACTATTCTTCCTTCCTCATTCAACAGTTCCTTCATTTGCTGTATTACGCTGGCTATATCATCCAAATGATGAAAGGTTGTTCGGCTTACAATAAAATCAAACTTCTCATTAAAATTAAGTTGTTCTGCATTCATATTCAGATAGACCGTATTTGTTAGTTGACGTTTAGATTTGGCAAGATCGAGCATTTGATTAGAAATATCAATCCCTACCACTTCATCATAATAACTTGCTAATTTCTCCACTAACAAACCCGAGCCACATCCGATATCTAATGCTCTGCCTTTCTTTGGAGACATATTAGACACAAAGAATGAATAATCATTCAAAAGCTCATTCACGAAATCGTAATCTTCTGCAACCTTATCAAACTGTGATTCTATTGTATTCAAAAAGATCCCCCATTCCTACTTTATCGACATTCTTTCATTACTTACCACTTTAGATGTTTTTTCGTTGGGGATAAAACTTCCCTTTAGACAATTTTATCCAAAGACAATACAACAGTGCAACTTTATTAAAGTCACTGTCCTTTATCGCAGCCTTTACTTTTTAGTAAAGACAGTGGCTTCTCTTATCAAGTTTCAAAACATATTATTTTGAAGAAAACGTCCATCTGAAGTGTCAAGTGCAAAATTACATATAAAGGTTTATTCTAAAATGAAAAGATGATACAATCATATTCAGTTACATAAGGAGGTTTCAATTATGTGCACCAGTATCGCAGTAGTAGAAATTACTTTATCTCATTCATAATGAAAAAAATGGAAAGGAGATAAAAGTATGGGTACTTTTTCTATATTTGTTATTAATAAAGTTCGTTATCAACCAAATCAAAATTAATTGGTTATAATGAACGCTTAATGTCAGTTCATTATAACCAGTAAGGAGAAGGTTATAATGAACCAGTAAGGAGAAGGTTATAATGAACCAGAAAAACCCTAAAGACACGCAAAATTTTATTACTTCTAAAAAGCATGTAAAAGAAATATTGAATCACACGAATATCAGTAAACAAGACAACGTAATAGAAATCGGATCAGGAAAAGGACATTTTACCAAAGAGCTAGTCAAAATGAGTCGATCAGTTACTGCTATAGAAATTGATGGAGGCTTATGTCAAGTGACTAAAGAAGCGGTAAACCCCTCTGAGAATATAAAAGTGATTCAAACGGATATTCTAAAATTTTCCTTCCCAAAACATATAAACTATAAGATATATGGTAATATTCCTTATAACATCAGTACGGATATTGTCAAAAGAATTACCTTTGAAAGTCAGGCTAAATATAGCTATCTTATCGTTGAGAAGGGATTTGCGAAAAGATTGCAAAATCTGCAACGAGCTTTGGGTTTACTATTAATGGTGGAGATGGATATAAAAATGCTCAAAAAAGTACCACCACTATATTTTCATCCTAAGCCAAGTGTAGACTCTGTATTGATTGTTCTTGAACGACATCAACCATTGATTTCAAAGAAGGACTACAAAAAGTATCGATCTTTTGTTTATAAGTGGGTAAACCGTGAATATCGTGTTCTTTTCACTAAAAACCAATTCCGACAGGCTTTGAAGCATGCAAATGTCACTAATATTAATAAACTATCGAAGGAACAATTTCTTTCTATTTTCAATAGTTACAAATTGTTTCACTAAATTAAAGTAATAAAGCGTTCTCTAATTTCACAAGAGGACGCTTTATTCTTCCCAAAAATTGTTCAATATTTATCAATAAATCAGTAGTTTTAAAAGTAAGCACCTGTTATTGCAATAAAATTAGCCTAATTGAGAGAAGTTTCTATAGAATTTTTCATATACTTAACGAGTGCTTTCACCTTTGAATATAGTCCTTCCCACTTATCATCACACTCTCCCCGATAGCCTTTTCTAGCTATATCCAGTAAAGTTACATGCTCTTTAGGTAAAAGAGGTATAGCCCATTCTGCAGCGACATCTTTCGAGGTAATTTCACCAGTAGTCACTGTTTGCCACATTCGAGCTAGGGTTAAAATTACATTACGCTCATCACCTTTTATCCCCTCAATTAGTTCTGGCAAAGAATCCTTAATTGCTCTTCGAATATCTGTCAAAGGTACGGAGACAAGTATACTTGAAGAATCAGGACCAAATAGAGAAATACTATTCTTTCTTGCTTGTGCTAAAACAATAGCCAAATCAGGATCATAGCTTGGTTCCTGAATTTGTCCATTCTCAAATTCACCCCTGAGCCACTCACCGTATATAAATTCTCTTTTTGGAGGATATTGCCAAGGGACAACTTCACTCCTATTTATAACCGTAACTTCAAGTGGTCTAACAGAATCCGTATTTCCAATCTTTCCTGATATAGTCATTAGTCTTTCTGTTAGTTTTTTTCGAGTTAATTGAGGTAAACTATGATTCACGACGACTAGAACATCTACATCGCTGTTAATGCGTAAACCACCATTTACTGCTGAACCAAATAGATATACTCCAACTATTGAACTTCCAAATAAATCTTTTACGATTTTTAATGTTTGAATCGCTTGATTTGGTATTTTTCCGTTAATCAAATTGCTCATGATTTCACCTCGTTGATTATGTTCATATAAAGTTTATATTGATACTCAATTTACTTACCCTAGATTGGACATATACTTAAATTACTGTTCAA",
            "length": 2732,
            "complete": false,
            "type": "contig",
            "topology": "linear",
            "simple_id": "contig_1",
            "orig_id": "sequence:",
            "orig_description": "sequence:"
        }
    ],
    "run": {
        "start": "2023-08-31 19:05:31",
        "end": "2023-08-31 19:05:40"
    },
    "version": {
        "bakta": "1.8.1",
        "db": {
            "version": "5.0",
            "type": "light"
        }
    }
}