Sequence(s):
Length: 2732
Count: 1
GC: 33.2
N50: 2732
N ratio: 0.0
coding density: 55.5

Annotation:
tRNAs: 0
tmRNAs: 0
rRNAs: 0
ncRNAs: 0
ncRNA regions: 0
CRISPR arrays: 0
CDSs: 2
pseudogenes: 0
hypotheticals: 0
signal peptides: 0
sORFs: 0
gaps: 0
oriCs: 0
oriVs: 0
oriTs: 0

Bakta:
Software: v1.8.1
Database: v5.0, light
DOI: 10.1099/mgen.0.000685
URL: github.com/oschwengers/bakta
