locus_tag	ftype	length_bp	gene	EC_number	COG	product
ECADEPCO_00001	CDS	732	ermA1	2.1.1.184		rRNA adenine N-6-methyltransferase
ECADEPCO_00002	CDS	783	ant1	2.7.7.47		Streptomycin 3''-adenylyltransferase
