{"ODDCGJJD_00002 Bifunctional AAC/APH": {"gnl|BL_ORD_ID|1714|hsp_num:0": {"type_match": "Perfect", "model_id": "1814", "orf_strand": "", "orf_start": "", "orf_end": "", "orf_from": "", "model_name": "AAC(6')-Ie-APH(2'')-Ia", "model_type": "protein homolog model", "model_type_id": 40292, "pass_evalue": "n/a", "pass_bitscore": "900", "ARO_accession": "3002597", "ARO_name": "AAC(6')-Ie-APH(2'')-Ia", "ARO_category": {"36267": {"category_aro_accession": "3000128", "category_aro_cvterm_id": "36267", "category_aro_name": "APH(2'')", "category_aro_description": "Phosphorylation of 2-deoxystreptamine aminoglycosides on the hydroxyl group at position 2''", "category_aro_class_name": "AMR Gene Family"}, "36484": {"category_aro_accession": "3000345", "category_aro_cvterm_id": "36484", "category_aro_name": "AAC(6')", "category_aro_description": "Acetylation of the aminoglycoside antibiotic on the amino group at position 6'.", "category_aro_class_name": "AMR Gene Family"}, "35924": {"category_aro_accession": "0000005", "category_aro_cvterm_id": "35924", "category_aro_name": "neomycin", "category_aro_description": "Neomycin is an aminoglycoside antibiotic used to treat different types of bacterial infections. Neomycin works by binding to the bacterial 30S ribosomal subunit, causing misreading of mRNA and leaving the bacterium unable to synthesize proteins vital to its growth.", "category_aro_class_name": "Antibiotic"}, "35926": {"category_aro_accession": "0000007", "category_aro_cvterm_id": "35926", "category_aro_name": "dibekacin", "category_aro_description": "Dibekacin is an aminoglycoside antibiotic used to treat different types of bacterial infections. Dibekacin works by binding to the bacterial 30S ribosomal subunit, causing misreading of mRNA and leaving the bacterium unable to synthesize proteins vital to its growth.", "category_aro_class_name": "Antibiotic"}, "35932": {"category_aro_accession": "0000013", "category_aro_cvterm_id": "35932", "category_aro_name": "amikacin", "category_aro_description": "Amikacin is an aminoglycoside antibiotic that works by binding to the bacterial 30S ribosomal subunit, causing misreading of mRNA and leaving the bacterium unable to synthesize proteins vital to its growth.", "category_aro_class_name": "Antibiotic"}, "35933": {"category_aro_accession": "0000014", "category_aro_cvterm_id": "35933", "category_aro_name": "gentamicin C", "category_aro_description": "Gentamicin C is a mixture of gentamicin C1, gentamicin C1a, and gentamicin C2 (these differ in substituents at position C6'). Gentamicin works by binding to the bacterial 30S ribosomal subunit, causing misreading of mRNA and leaving the bacterium unable to synthesize proteins vital to its growth.", "category_aro_class_name": "Antibiotic"}, "35953": {"category_aro_accession": "0000035", "category_aro_cvterm_id": "35953", "category_aro_name": "sisomicin", "category_aro_description": "Sisomicin is an aminoglycoside antibiotic used to treat different types of bacterial infections. Sisomicin works by binding to the bacterial 30S ribosomal subunit, causing misreading of mRNA and leaving the bacterium unable to synthesize proteins vital to its growth.", "category_aro_class_name": "Antibiotic"}, "35956": {"category_aro_accession": "0000038", "category_aro_cvterm_id": "35956", "category_aro_name": "netilmicin", "category_aro_description": "Netilmicin is a member of the aminoglycoside family of antibiotics. These antibiotics have the ability to kill a wide variety of bacteria by binding to the bacterial 30S ribosomal subunit, causing misreading of mRNA and leaving the bacterium unable to synthesize proteins vital to its growth. Netilmicin is not absorbed from the gut and is therefore only given by injection or infusion. It is only used in the treatment of serious infections particularly those resistant to gentamicin.", "category_aro_class_name": "Antibiotic"}, "35966": {"category_aro_accession": "0000049", "category_aro_cvterm_id": "35966", "category_aro_name": "kanamycin A", "category_aro_description": "Kanamycin is an aminoglycoside antibiotic used to treat different types of bacterial infections. Kanamycin works by binding to the bacterial 30S ribosomal subunit, causing misreading of mRNA and leaving the bacterium unable to synthesize proteins vital to its growth.", "category_aro_class_name": "Antibiotic"}, "35969": {"category_aro_accession": "0000052", "category_aro_cvterm_id": "35969", "category_aro_name": "tobramycin", "category_aro_description": "Tobramycin is an aminoglycoside antibiotic used to treat different types of bacterial infections. Tobramycin works by binding to the bacterial 30S ribosomal subunit, causing misreading of mRNA and leaving the bacterium unable to synthesize proteins vital to its growth.", "category_aro_class_name": "Antibiotic"}, "36996": {"category_aro_accession": "3000652", "category_aro_cvterm_id": "36996", "category_aro_name": "isepamicin", "category_aro_description": "A semi-synthetic derivative of gentamicin B (hydroxyamino propionyl genamicin B). It is modified to combat microbial inactivation and has a slightly larger spectrum of activity compared to other aminoglycosides, including Ser marcescens, Enterobacteria, and K pneumoniae.", "category_aro_class_name": "Antibiotic"}, "36998": {"category_aro_accession": "3000654", "category_aro_cvterm_id": "36998", "category_aro_name": "arbekacin", "category_aro_description": "A synthetic derivative (1-N-(4-amino-2-hydroxybutyryl) of dibekacin used in Japan. It is active against methicillin-resistant Staph. aureus and shows synergy with ampicillin when treating gentamicin and vancomycin resistant enterocci.", "category_aro_class_name": "Antibiotic"}, "36999": {"category_aro_accession": "3000655", "category_aro_cvterm_id": "36999", "category_aro_name": "gentamicin B", "category_aro_description": "Gentamicin B is a semisynthetic aminoglycoside antibacterial.", "category_aro_class_name": "Antibiotic"}, "40307": {"category_aro_accession": "3003675", "category_aro_cvterm_id": "40307", "category_aro_name": "plazomicin", "category_aro_description": "Plazomicin is a neoglycoside, or next-generation, aminoglycoside, that has been identified as a potentially useful agent to combat drug-resistant bacteria, such as Acinetobacter baumannii and Pseudomonas aeruginosa.", "category_aro_class_name": "Antibiotic"}, "35935": {"category_aro_accession": "0000016", "category_aro_cvterm_id": "35935", "category_aro_name": "aminoglycoside antibiotic", "category_aro_description": "Aminoglycosides are a group of antibiotics that are mostly effective against Gram-negative bacteria. These molecules consist of aminated sugars attached to a dibasic cyclitol. Aminoglycosides work by binding to the bacterial 30S ribosomal subunit (some work by binding to the 50S subunit), inhibiting the translocation of the peptidyl-tRNA from the A-site to the P-site and also causing misreading of mRNA, leaving the bacterium unable to synthesize proteins vital to its growth.", "category_aro_class_name": "Drug Class"}, "36000": {"category_aro_accession": "0001004", "category_aro_cvterm_id": "36000", "category_aro_name": "antibiotic inactivation", "category_aro_description": "Enzymatic inactivation of antibiotic to confer drug resistance.", "category_aro_class_name": "Resistance Mechanism"}}, "evalue": 0.0, "bit_score": 969.148, "max_identities": 479, "cvterm_id": "35508", "query": "MNIVENEICIRTLIDDDFPLMLKWLTDERVLEFYGGRDKKYTLESLKKHYTEPWEDEVFRVIIEYNNVPIGYGQIYKMYDELYTDYHYPKTDEIVYGMDQFIGEPNYWSKGIGTRYIKLIFEFLKKERNANAVILDPHKNNPRAIRAYQKSGFRIIEDLPEHELHEGKKEDCYLMEYRYDDNATNVKAMKYLIEHYFDNFKVDSIEIIGSGYDSVAYLVNNEYIFKTKFSTNKKKGYAKEKAIYNFLNTNLETNVKIPNIEYSYISDELSILGYKEIKGTFLTPEIYSTMSEEEQNLLKRDIASFLRQMHGLDYTDISECTIDNKQNVLEEYILLRETIYNDLTDIEKDYIESFMERLNATTVFEGKKCLCHNDFSCNHLLLDGNNRLTGIIDFGDSGIIDEYCDFIYLLEDSEEEIGTNFGEDILRMYGNIDIEKAKEYQDIVEEYYPIETIVYGIKNIKQEFIENGRKEIYKRTYKD", "match": "MNIVENEICIRTLIDDDFPLMLKWLTDERVLEFYGGRDKKYTLESLKKHYTEPWEDEVFRVIIEYNNVPIGYGQIYKMYDELYTDYHYPKTDEIVYGMDQFIGEPNYWSKGIGTRYIKLIFEFLKKERNANAVILDPHKNNPRAIRAYQKSGFRIIEDLPEHELHEGKKEDCYLMEYRYDDNATNVKAMKYLIEHYFDNFKVDSIEIIGSGYDSVAYLVNNEYIFKTKFSTNKKKGYAKEKAIYNFLNTNLETNVKIPNIEYSYISDELSILGYKEIKGTFLTPEIYSTMSEEEQNLLKRDIASFLRQMHGLDYTDISECTIDNKQNVLEEYILLRETIYNDLTDIEKDYIESFMERLNATTVFEGKKCLCHNDFSCNHLLLDGNNRLTGIIDFGDSGIIDEYCDFIYLLEDSEEEIGTNFGEDILRMYGNIDIEKAKEYQDIVEEYYPIETIVYGIKNIKQEFIENGRKEIYKRTYKD", "sequence_from_db": "MNIVENEICIRTLIDDDFPLMLKWLTDERVLEFYGGRDKKYTLESLKKHYTEPWEDEVFRVIIEYNNVPIGYGQIYKMYDELYTDYHYPKTDEIVYGMDQFIGEPNYWSKGIGTRYIKLIFEFLKKERNANAVILDPHKNNPRAIRAYQKSGFRIIEDLPEHELHEGKKEDCYLMEYRYDDNATNVKAMKYLIEHYFDNFKVDSIEIIGSGYDSVAYLVNNEYIFKTKFSTNKKKGYAKEKAIYNFLNTNLETNVKIPNIEYSYISDELSILGYKEIKGTFLTPEIYSTMSEEEQNLLKRDIASFLRQMHGLDYTDISECTIDNKQNVLEEYILLRETIYNDLTDIEKDYIESFMERLNATTVFEGKKCLCHNDFSCNHLLLDGNNRLTGIIDFGDSGIIDEYCDFIYLLEDSEEEIGTNFGEDILRMYGNIDIEKAKEYQDIVEEYYPIETIVYGIKNIKQEFIENGRKEIYKRTYKD", "sequence_from_broadstreet": "MNIVENEICIRTLIDDDFPLMLKWLTDERVLEFYGGRDKKYTLESLKKHYTEPWEDEVFRVIIEYNNVPIGYGQIYKMYDELYTDYHYPKTDEIVYGMDQFIGEPNYWSKGIGTRYIKLIFEFLKKERNANAVILDPHKNNPRAIRAYQKSGFRIIEDLPEHELHEGKKEDCYLMEYRYDDNATNVKAMKYLIEHYFDNFKVDSIEIIGSGYDSVAYLVNNEYIFKTKFSTNKKKGYAKEKAIYNFLNTNLETNVKIPNIEYSYISDELSILGYKEIKGTFLTPEIYSTMSEEEQNLLKRDIASFLRQMHGLDYTDISECTIDNKQNVLEEYILLRETIYNDLTDIEKDYIESFMERLNATTVFEGKKCLCHNDFSCNHLLLDGNNRLTGIIDFGDSGIIDEYCDFIYLLEDSEEEIGTNFGEDILRMYGNIDIEKAKEYQDIVEEYYPIETIVYGIKNIKQEFIENGRKEIYKRTYKD", "dna_sequence_from_broadstreet": "ATGAATATAGTTGAAAATGAAATATGTATAAGAACTTTAATAGATGATGATTTTCCTTTGATGTTAAAATGGTTAACTGATGAAAGAGTATTAGAATTTTATGGTGGTAGAGATAAAAAATATACATTAGAATCATTAAAAAAACATTATACAGAGCCTTGGGAAGATGAAGTTTTTAGAGTAATTATTGAATATAACAATGTTCCTATTGGATATGGACAAATATATAAAATGTATGATGAGTTATATACTGATTATCATTATCCAAAAACTGATGAGATAGTCTATGGTATGGATCAATTTATAGGAGAGCCAAATTATTGGAGTAAAGGAATTGGTACAAGATATATTAAATTGATTTTTGAATTTTTGAAAAAAGAAAGAAATGCTAATGCAGTTATTTTAGACCCTCATAAAAATAATCCAAGAGCAATAAGGGCATACCAAAAATCTGGTTTTAGAATTATTGAAGATTTGCCAGAACATGAATTACACGAGGGCAAAAAAGAAGATTGTTATTTAATGGAATATAGATATGATGATAATGCCACAAATGTTAAGGCAATGAAATATTTAATTGAGCATTACTTTGATAATTTCAAAGTAGATAGTATTGAAATAATCGGTAGTGGTTATGATAGTGTGGCATATTTAGTTAATAATGAATACATTTTTAAAACAAAATTTAGTACTAATAAGAAAAAAGGTTATGCAAAAGAAAAAGCAATATATAATTTTTTAAATACAAATTTAGAAACTAATGTAAAAATTCCTAATATTGAATATTCGTATATTAGTGATGAATTATCTATACTAGGTTATAAAGAAATTAAAGGAACTTTTTTAACACCAGAAATTTATTCTACTATGTCAGAAGAAGAACAAAATTTGTTAAAACGAGATATTGCCAGTTTTTTAAGACAAATGCACGGTTTAGATTATACAGATATTAGTGAATGTACTATTGATAATAAACAAAATGTATTAGAAGAGTATATATTGTTGCGTGAAACTATTTATAATGATTTAACTGATATAGAAAAAGATTATATAGAAAGTTTTATGGAAAGACTAAATGCAACAACAGTTTTTGAGGGTAAAAAGTGTTTATGCCATAATGATTTTAGTTGTAATCATCTATTGTTAGATGGCAATAATAGATTAACTGGAATAATTGATTTTGGAGATTCTGGAATTATAGATGAATATTGTGATTTTATATACTTACTTGAAGATAGTGAAGAAGAAATAGGAACAAATTTTGGAGAAGATATATTAAGAATGTATGGAAATATAGATATTGAGAAAGCAAAAGAATATCAAGATATAGTTGAAGAATATTATCCTATTGAAACTATTGTTTATGGAATTAAAAATATTAAACAGGAATTTATCGAAAATGGTAGAAAAGAAATTTATAAAAGGACTTATAAAGATTGA", "partial": "0", "query_start": 1, "query_end": 480, "query_from": "ODDCGJJD_00002 Bifunctional AAC/APH", "orf_prot_sequence": "MNIVENEICIRTLIDDDFPLMLKWLTDERVLEFYGGRDKKYTLESLKKHYTEPWEDEVFRVIIEYNNVPIGYGQIYKMYDELYTDYHYPKTDEIVYGMDQFIGEPNYWSKGIGTRYIKLIFEFLKKERNANAVILDPHKNNPRAIRAYQKSGFRIIEDLPEHELHEGKKEDCYLMEYRYDDNATNVKAMKYLIEHYFDNFKVDSIEIIGSGYDSVAYLVNNEYIFKTKFSTNKKKGYAKEKAIYNFLNTNLETNVKIPNIEYSYISDELSILGYKEIKGTFLTPEIYSTMSEEEQNLLKRDIASFLRQMHGLDYTDISECTIDNKQNVLEEYILLRETIYNDLTDIEKDYIESFMERLNATTVFEGKKCLCHNDFSCNHLLLDGNNRLTGIIDFGDSGIIDEYCDFIYLLEDSEEEIGTNFGEDILRMYGNIDIEKAKEYQDIVEEYYPIETIVYGIKNIKQEFIENGRKEIYKRTYKD", "perc_identity": 100.0}}}