ORF_ID	Contig	Start	Stop	Orientation	Cut_Off	Pass_Bitscore	Best_Hit_Bitscore	Best_Hit_ARO	Best_Identities	ARO	Model_type	SNPs_in_Best_Hit_ARO	Other_SNPs	Drug Class	Resistance Mechanism	AMR Gene Family	Predicted_DNA	Predicted_Protein	CARD_Protein_Sequence	Percentage Length of Reference Sequence	ID	Model_ID	Nudged	Note
FKBKAJ_00010 bifunctional aminoglycoside N-acetyltransferase AAC(6')-Ie/aminoglycoside O-phosphotransferase APH(2'')-Ia					Perfect	900	969.148	AAC(6')-Ie-APH(2'')-Ia	100.0	3002597	protein homolog model	n/a	n/a	aminoglycoside antibiotic	antibiotic inactivation	APH(2''); AAC(6')		MNIVENEICIRTLIDDDFPLMLKWLTDERVLEFYGGRDKKYTLESLKKHYTEPWEDEVFRVIIEYNNVPIGYGQIYKMYDELYTDYHYPKTDEIVYGMDQFIGEPNYWSKGIGTRYIKLIFEFLKKERNANAVILDPHKNNPRAIRAYQKSGFRIIEDLPEHELHEGKKEDCYLMEYRYDDNATNVKAMKYLIEHYFDNFKVDSIEIIGSGYDSVAYLVNNEYIFKTKFSTNKKKGYAKEKAIYNFLNTNLETNVKIPNIEYSYISDELSILGYKEIKGTFLTPEIYSTMSEEEQNLLKRDIASFLRQMHGLDYTDISECTIDNKQNVLEEYILLRETIYNDLTDIEKDYIESFMERLNATTVFEGKKCLCHNDFSCNHLLLDGNNRLTGIIDFGDSGIIDEYCDFIYLLEDSEEEIGTNFGEDILRMYGNIDIEKAKEYQDIVEEYYPIETIVYGIKNIKQEFIENGRKEIYKRTYKD	MNIVENEICIRTLIDDDFPLMLKWLTDERVLEFYGGRDKKYTLESLKKHYTEPWEDEVFRVIIEYNNVPIGYGQIYKMYDELYTDYHYPKTDEIVYGMDQFIGEPNYWSKGIGTRYIKLIFEFLKKERNANAVILDPHKNNPRAIRAYQKSGFRIIEDLPEHELHEGKKEDCYLMEYRYDDNATNVKAMKYLIEHYFDNFKVDSIEIIGSGYDSVAYLVNNEYIFKTKFSTNKKKGYAKEKAIYNFLNTNLETNVKIPNIEYSYISDELSILGYKEIKGTFLTPEIYSTMSEEEQNLLKRDIASFLRQMHGLDYTDISECTIDNKQNVLEEYILLRETIYNDLTDIEKDYIESFMERLNATTVFEGKKCLCHNDFSCNHLLLDGNNRLTGIIDFGDSGIIDEYCDFIYLLEDSEEEIGTNFGEDILRMYGNIDIEKAKEYQDIVEEYYPIETIVYGIKNIKQEFIENGRKEIYKRTYKD	100.00	gnl|BL_ORD_ID|1714|hsp_num:0	1814		
