organism: Genus species strain 
contigs: 1
bases: 3440
CDS: 2
